<!doctype html public "-//w3c//dtd html 4.0 transitional//en">
<html><head>
<title>Static Call Graph - [.\Obj\HVESS_Norman_Vxx.axf]</title></head>
<body><HR>
<H1>Static Call Graph for image .\Obj\HVESS_Norman_Vxx.axf</H1><HR>
<BR><P>#&#060CALLGRAPH&#062# ARM Linker, 5060960: Last Updated: Thu Jan 06 08:41:46 2022
<BR><P>
<H3>Maximum Stack Usage =       2812 bytes + Unknown(Cycles, Untraceable Function Pointers)</H3><H3>
Call chain for Maximum Stack Depth:</H3>
main &rArr; appProjectOpen &rArr; apiSysParOpen &rArr; loadSysPar &rArr; appSerialCanDavinciSendTextMessage &rArr; appSerialCanDavinciPutPkgToCanFifo &rArr; smp_can_put &rArr; HAL_CAN_AddTxMessage
<P>
<H3>
Mutually Recursive functions
</H3> <LI><a href="#[d]">NMI_Handler</a>&nbsp;&nbsp;&nbsp;&rArr;&nbsp;&nbsp;&nbsp;<a href="#[d]">NMI_Handler</a><BR>
 <LI><a href="#[e]">HardFault_Handler</a>&nbsp;&nbsp;&nbsp;&rArr;&nbsp;&nbsp;&nbsp;<a href="#[e]">HardFault_Handler</a><BR>
 <LI><a href="#[f]">MemManage_Handler</a>&nbsp;&nbsp;&nbsp;&rArr;&nbsp;&nbsp;&nbsp;<a href="#[f]">MemManage_Handler</a><BR>
 <LI><a href="#[10]">BusFault_Handler</a>&nbsp;&nbsp;&nbsp;&rArr;&nbsp;&nbsp;&nbsp;<a href="#[10]">BusFault_Handler</a><BR>
 <LI><a href="#[11]">UsageFault_Handler</a>&nbsp;&nbsp;&nbsp;&rArr;&nbsp;&nbsp;&nbsp;<a href="#[11]">UsageFault_Handler</a><BR>
 <LI><a href="#[12]">SVC_Handler</a>&nbsp;&nbsp;&nbsp;&rArr;&nbsp;&nbsp;&nbsp;<a href="#[12]">SVC_Handler</a><BR>
 <LI><a href="#[13]">DebugMon_Handler</a>&nbsp;&nbsp;&nbsp;&rArr;&nbsp;&nbsp;&nbsp;<a href="#[13]">DebugMon_Handler</a><BR>
 <LI><a href="#[14]">PendSV_Handler</a>&nbsp;&nbsp;&nbsp;&rArr;&nbsp;&nbsp;&nbsp;<a href="#[14]">PendSV_Handler</a><BR>
 <LI><a href="#[28]">ADC1_2_IRQHandler</a>&nbsp;&nbsp;&nbsp;&rArr;&nbsp;&nbsp;&nbsp;<a href="#[28]">ADC1_2_IRQHandler</a><BR>
</UL>
<P>
<H3>
Function Pointers
</H3><UL>
 <LI><a href="#[28]">ADC1_2_IRQHandler</a> from startup_stm32l496xx.o(.text) referenced from startup_stm32l496xx.o(RESET)
 <LI><a href="#[45]">ADC3_IRQHandler</a> from startup_stm32l496xx.o(.text) referenced from startup_stm32l496xx.o(RESET)
 <LI><a href="#[74]">ADC_DMAConvCplt</a> from stm32l4xx_hal_adc.o(i.ADC_DMAConvCplt) referenced from stm32l4xx_hal_adc.o(i.HAL_ADC_Start_DMA)
 <LI><a href="#[76]">ADC_DMAError</a> from stm32l4xx_hal_adc.o(i.ADC_DMAError) referenced from stm32l4xx_hal_adc.o(i.HAL_ADC_Start_DMA)
 <LI><a href="#[75]">ADC_DMAHalfConvCplt</a> from stm32l4xx_hal_adc.o(i.ADC_DMAHalfConvCplt) referenced from stm32l4xx_hal_adc.o(i.HAL_ADC_Start_DMA)
 <LI><a href="#[c2]">ADS7946_SPI_0_event_handler</a> from smp_ads7946_driver.o(i.ADS7946_SPI_0_event_handler) referenced from smp_ads7946_driver.o(i.smp_ADS7946_init)
 <LI><a href="#[10]">BusFault_Handler</a> from startup_stm32l496xx.o(.text) referenced from startup_stm32l496xx.o(RESET)
 <LI><a href="#[2a]">CAN1_RX0_IRQHandler</a> from smp_can.o(i.CAN1_RX0_IRQHandler) referenced from startup_stm32l496xx.o(RESET)
 <LI><a href="#[2b]">CAN1_RX1_IRQHandler</a> from startup_stm32l496xx.o(.text) referenced from startup_stm32l496xx.o(RESET)
 <LI><a href="#[2c]">CAN1_SCE_IRQHandler</a> from startup_stm32l496xx.o(.text) referenced from startup_stm32l496xx.o(RESET)
 <LI><a href="#[29]">CAN1_TX_IRQHandler</a> from smp_can.o(i.CAN1_TX_IRQHandler) referenced from startup_stm32l496xx.o(RESET)
 <LI><a href="#[6c]">CAN2_RX0_IRQHandler</a> from smp_can.o(i.CAN2_RX0_IRQHandler) referenced from startup_stm32l496xx.o(RESET)
 <LI><a href="#[6d]">CAN2_RX1_IRQHandler</a> from startup_stm32l496xx.o(.text) referenced from startup_stm32l496xx.o(RESET)
 <LI><a href="#[6e]">CAN2_SCE_IRQHandler</a> from startup_stm32l496xx.o(.text) referenced from startup_stm32l496xx.o(RESET)
 <LI><a href="#[6b]">CAN2_TX_IRQHandler</a> from smp_can.o(i.CAN2_TX_IRQHandler) referenced from startup_stm32l496xx.o(RESET)
 <LI><a href="#[56]">COMP_IRQHandler</a> from startup_stm32l496xx.o(.text) referenced from startup_stm32l496xx.o(RESET)
 <LI><a href="#[67]">CRS_IRQHandler</a> from startup_stm32l496xx.o(.text) referenced from startup_stm32l496xx.o(RESET)
 <LI><a href="#[6a]">DCMI_IRQHandler</a> from startup_stm32l496xx.o(.text) referenced from startup_stm32l496xx.o(RESET)
 <LI><a href="#[53]">DFSDM1_FLT0_IRQHandler</a> from startup_stm32l496xx.o(.text) referenced from startup_stm32l496xx.o(RESET)
 <LI><a href="#[54]">DFSDM1_FLT1_IRQHandler</a> from startup_stm32l496xx.o(.text) referenced from startup_stm32l496xx.o(RESET)
 <LI><a href="#[55]">DFSDM1_FLT2_IRQHandler</a> from startup_stm32l496xx.o(.text) referenced from startup_stm32l496xx.o(RESET)
 <LI><a href="#[40]">DFSDM1_FLT3_IRQHandler</a> from startup_stm32l496xx.o(.text) referenced from startup_stm32l496xx.o(RESET)
 <LI><a href="#[21]">DMA1_Channel1_IRQHandler</a> from smp_adc.o(i.DMA1_Channel1_IRQHandler) referenced from startup_stm32l496xx.o(RESET)
 <LI><a href="#[22]">DMA1_Channel2_IRQHandler</a> from smp_spi_dma.o(i.DMA1_Channel2_IRQHandler) referenced from startup_stm32l496xx.o(RESET)
 <LI><a href="#[23]">DMA1_Channel3_IRQHandler</a> from smp_spi_dma.o(i.DMA1_Channel3_IRQHandler) referenced from startup_stm32l496xx.o(RESET)
 <LI><a href="#[24]">DMA1_Channel4_IRQHandler</a> from smp_spi_dma.o(i.DMA1_Channel4_IRQHandler) referenced from startup_stm32l496xx.o(RESET)
 <LI><a href="#[25]">DMA1_Channel5_IRQHandler</a> from smp_spi_dma.o(i.DMA1_Channel5_IRQHandler) referenced from startup_stm32l496xx.o(RESET)
 <LI><a href="#[26]">DMA1_Channel6_IRQHandler</a> from startup_stm32l496xx.o(.text) referenced from startup_stm32l496xx.o(RESET)
 <LI><a href="#[27]">DMA1_Channel7_IRQHandler</a> from startup_stm32l496xx.o(.text) referenced from startup_stm32l496xx.o(RESET)
 <LI><a href="#[6f]">DMA2D_IRQHandler</a> from startup_stm32l496xx.o(.text) referenced from startup_stm32l496xx.o(RESET)
 <LI><a href="#[4e]">DMA2_Channel1_IRQHandler</a> from smp_spi_dma.o(i.DMA2_Channel1_IRQHandler) referenced from startup_stm32l496xx.o(RESET)
 <LI><a href="#[4f]">DMA2_Channel2_IRQHandler</a> from smp_spi_dma.o(i.DMA2_Channel2_IRQHandler) referenced from startup_stm32l496xx.o(RESET)
 <LI><a href="#[50]">DMA2_Channel3_IRQHandler</a> from smp_uart.o(i.DMA2_Channel3_IRQHandler) referenced from startup_stm32l496xx.o(RESET)
 <LI><a href="#[51]">DMA2_Channel4_IRQHandler</a> from startup_stm32l496xx.o(.text) referenced from startup_stm32l496xx.o(RESET)
 <LI><a href="#[52]">DMA2_Channel5_IRQHandler</a> from smp_uart.o(i.DMA2_Channel5_IRQHandler) referenced from startup_stm32l496xx.o(RESET)
 <LI><a href="#[5a]">DMA2_Channel6_IRQHandler</a> from startup_stm32l496xx.o(.text) referenced from startup_stm32l496xx.o(RESET)
 <LI><a href="#[5b]">DMA2_Channel7_IRQHandler</a> from startup_stm32l496xx.o(.text) referenced from startup_stm32l496xx.o(RESET)
 <LI><a href="#[126]">DavinciCanDebugCellVSimu</a> from appserialcandavincidebug.o(i.DavinciCanDebugCellVSimu) referenced from appserialcandavincidebug.o(.constdata)
 <LI><a href="#[124]">DavinciCanDebugCurrentAdc</a> from appserialcandavincidebug.o(i.DavinciCanDebugCurrentAdc) referenced from appserialcandavincidebug.o(.constdata)
 <LI><a href="#[12a]">DavinciCanDebugCurrentSimu</a> from appserialcandavincidebug.o(i.DavinciCanDebugCurrentSimu) referenced from appserialcandavincidebug.o(.constdata)
 <LI><a href="#[129]">DavinciCanDebugGpio</a> from appserialcandavincidebug.o(i.DavinciCanDebugGpio) referenced from appserialcandavincidebug.o(.constdata)
 <LI><a href="#[123]">DavinciCanDebugModeChange</a> from appserialcandavincidebug.o(i.DavinciCanDebugModeChange) referenced from appserialcandavincidebug.o(.constdata)
 <LI><a href="#[128]">DavinciCanDebugNtcTSimu</a> from appserialcandavincidebug.o(i.DavinciCanDebugNtcTSimu) referenced from appserialcandavincidebug.o(.constdata)
 <LI><a href="#[127]">DavinciCanDebugNtcVSimu</a> from appserialcandavincidebug.o(i.DavinciCanDebugNtcVSimu) referenced from appserialcandavincidebug.o(.constdata)
 <LI><a href="#[12c]">DavinciCanDebugRelayControl</a> from appserialcandavincidebug.o(i.DavinciCanDebugRelayControl) referenced from appserialcandavincidebug.o(.constdata)
 <LI><a href="#[12b]">DavinciCanDebugVBatSimu</a> from appserialcandavincidebug.o(i.DavinciCanDebugVBatSimu) referenced from appserialcandavincidebug.o(.constdata)
 <LI><a href="#[125]">DavinciCanDebugVbatAdc</a> from appserialcandavincidebug.o(i.DavinciCanDebugVbatAdc) referenced from appserialcandavincidebug.o(.constdata)
 <LI><a href="#[e1]">DavinciCanFunBaseRxTx</a> from appserialcandavincibasecmd.o(i.DavinciCanFunBaseRxTx) referenced 2 times from appserialcandavinci.o(.constdata)
 <LI><a href="#[e2]">DavinciCanFunCmdRx</a> from appserialcandavincicmd.o(i.DavinciCanFunCmdRx) referenced from appserialcandavinci.o(.constdata)
 <LI><a href="#[e4]">DavinciCanFunCommonRx</a> from appserialcandavincicommon.o(i.DavinciCanFunCommonRx) referenced 2 times from appserialcandavinci.o(.constdata)
 <LI><a href="#[e3]">DavinciCanFunDebugRx</a> from appserialcandavincidebug.o(i.DavinciCanFunDebugRx) referenced from appserialcandavinci.o(.constdata)
 <LI><a href="#[e5]">DavinciCanFunFuRx</a> from appserialcandavincifirmwareupgrade.o(i.DavinciCanFunFuRx) referenced from appserialcandavinci.o(.constdata)
 <LI><a href="#[105]">DavinciCanParameterAfeCommunication</a> from appserialcandavinciparameter.o(i.DavinciCanParameterAfeCommunication) referenced from appserialcandavinciparameter.o(.constdata)
 <LI><a href="#[119]">DavinciCanParameterBalanceChg</a> from appserialcandavinciparameter.o(i.DavinciCanParameterBalanceChg) referenced from appserialcandavinciparameter.o(.constdata)
 <LI><a href="#[11a]">DavinciCanParameterBalanceDhg</a> from appserialcandavinciparameter.o(i.DavinciCanParameterBalanceDhg) referenced from appserialcandavinciparameter.o(.constdata)
 <LI><a href="#[118]">DavinciCanParameterBalanceDuty</a> from appserialcandavinciparameter.o(i.DavinciCanParameterBalanceDuty) referenced 2 times from appserialcandavinciparameter.o(.constdata)
 <LI><a href="#[11b]">DavinciCanParameterBalanceRlx</a> from appserialcandavinciparameter.o(i.DavinciCanParameterBalanceRlx) referenced from appserialcandavinciparameter.o(.constdata)
 <LI><a href="#[115]">DavinciCanParameterCocp</a> from appserialcandavinciparameter.o(i.DavinciCanParameterCocp) referenced from appserialcandavinciparameter.o(.constdata)
 <LI><a href="#[110]">DavinciCanParameterCotp</a> from appserialcandavinciparameter.o(i.DavinciCanParameterCotp) referenced from appserialcandavinciparameter.o(.constdata)
 <LI><a href="#[11c]">DavinciCanParameterCurrentCalibration</a> from appserialcandavinciparameter.o(i.DavinciCanParameterCurrentCalibration) referenced from appserialcandavinciparameter.o(.constdata)
 <LI><a href="#[111]">DavinciCanParameterCutp</a> from appserialcandavinciparameter.o(i.DavinciCanParameterCutp) referenced from appserialcandavinciparameter.o(.constdata)
 <LI><a href="#[101]">DavinciCanParameterDesignedCapacity</a> from appserialcandavinciparameter.o(i.DavinciCanParameterDesignedCapacity) referenced from appserialcandavinciparameter.o(.constdata)
 <LI><a href="#[116]">DavinciCanParameterDocp</a> from appserialcandavinciparameter.o(i.DavinciCanParameterDocp) referenced from appserialcandavinciparameter.o(.constdata)
 <LI><a href="#[112]">DavinciCanParameterDotp</a> from appserialcandavinciparameter.o(i.DavinciCanParameterDotp) referenced from appserialcandavinciparameter.o(.constdata)
 <LI><a href="#[114]">DavinciCanParameterDtp</a> from appserialcandavinciparameter.o(i.DavinciCanParameterDtp) referenced from appserialcandavinciparameter.o(.constdata)
 <LI><a href="#[113]">DavinciCanParameterDutp</a> from appserialcandavinciparameter.o(i.DavinciCanParameterDutp) referenced from appserialcandavinciparameter.o(.constdata)
 <LI><a href="#[103]">DavinciCanParameterFlatVoltage</a> from appserialcandavinciparameter.o(i.DavinciCanParameterFlatVoltage) referenced from appserialcandavinciparameter.o(.constdata)
 <LI><a href="#[102]">DavinciCanParameterFullChargeCondition</a> from appserialcandavinciparameter.o(i.DavinciCanParameterFullChargeCondition) referenced from appserialcandavinciparameter.o(.constdata)
 <LI><a href="#[fd]">DavinciCanParameterFwBuildDateTime</a> from appserialcandavinciparameter.o(i.DavinciCanParameterFwBuildDateTime) referenced from appserialcandavinciparameter.o(.constdata)
 <LI><a href="#[fc]">DavinciCanParameterFwVersion</a> from appserialcandavinciparameter.o(i.DavinciCanParameterFwVersion) referenced from appserialcandavinciparameter.o(.constdata)
 <LI><a href="#[fb]">DavinciCanParameterHwVersion</a> from appserialcandavinciparameter.o(i.DavinciCanParameterHwVersion) referenced from appserialcandavinciparameter.o(.constdata)
 <LI><a href="#[106]">DavinciCanParameterInsulationResistance</a> from appserialcandavinciparameter.o(i.DavinciCanParameterInsulationResistance) referenced from appserialcandavinciparameter.o(.constdata)
 <LI><a href="#[109]">DavinciCanParameterNoteMessage</a> from appserialcandavinciparameter.o(i.DavinciCanParameterNoteMessage) referenced from appserialcandavinciparameter.o(.constdata)
 <LI><a href="#[10c]">DavinciCanParameterOcvTable</a> from appserialcandavinciparameter.o(i.DavinciCanParameterOcvTable) referenced from appserialcandavinciparameter.o(.constdata)
 <LI><a href="#[10e]">DavinciCanParameterOvp</a> from appserialcandavinciparameter.o(i.DavinciCanParameterOvp) referenced from appserialcandavinciparameter.o(.constdata)
 <LI><a href="#[117]">DavinciCanParameterPF</a> from appserialcandavinciparameter.o(i.DavinciCanParameterPF) referenced 2 times from appserialcandavinciparameter.o(.constdata)
 <LI><a href="#[ff]">DavinciCanParameterPreDischargeTime</a> from appserialcandavinciparameter.o(i.DavinciCanParameterPreDischargeTime) referenced from appserialcandavinciparameter.o(.constdata)
 <LI><a href="#[107]">DavinciCanParameterQmax</a> from appserialcandavinciparameter.o(i.DavinciCanParameterQmax) referenced from appserialcandavinciparameter.o(.constdata)
 <LI><a href="#[108]">DavinciCanParameterRM</a> from appserialcandavinciparameter.o(i.DavinciCanParameterRM) referenced from appserialcandavinciparameter.o(.constdata)
 <LI><a href="#[10d]">DavinciCanParameterRaTable</a> from appserialcandavinciparameter.o(i.DavinciCanParameterRaTable) referenced from appserialcandavinciparameter.o(.constdata)
 <LI><a href="#[f1]">DavinciCanParameterRdWrite</a> from appserialcandavinciparameter.o(i.DavinciCanParameterRdWrite) referenced 2 times from appserialcandavincicmd.o(.constdata)
 <LI><a href="#[100]">DavinciCanParameterRelayOnDiffVoltage</a> from appserialcandavinciparameter.o(i.DavinciCanParameterRelayOnDiffVoltage) referenced from appserialcandavinciparameter.o(.constdata)
 <LI><a href="#[104]">DavinciCanParameterTerminateVoltage</a> from appserialcandavinciparameter.o(i.DavinciCanParameterTerminateVoltage) referenced from appserialcandavinciparameter.o(.constdata)
 <LI><a href="#[10f]">DavinciCanParameterUvp</a> from appserialcandavinciparameter.o(i.DavinciCanParameterUvp) referenced from appserialcandavinciparameter.o(.constdata)
 <LI><a href="#[11d]">DavinciCanParameterVBatCalibration</a> from appserialcandavinciparameter.o(i.DavinciCanParameterVBatCalibration) referenced from appserialcandavinciparameter.o(.constdata)
 <LI><a href="#[fe]">DavinciCanParameterZeroCurrent</a> from appserialcandavinciparameter.o(i.DavinciCanParameterZeroCurrent) referenced from appserialcandavinciparameter.o(.constdata)
 <LI><a href="#[a5]">DavinciCan_cb</a> from appserialcandavinci.o(i.DavinciCan_cb) referenced from appserialcandavinci.o(i.appSerialCanDavinciOpen)
 <LI><a href="#[11e]">DavinciCommonRequestScuId</a> from appserialcandavincicommon.o(i.DavinciCommonRequestScuId) referenced from appserialcandavincicommon.o(.constdata)
 <LI><a href="#[122]">DavinciCommonResetScuId</a> from appserialcandavincicommon.o(i.DavinciCommonResetScuId) referenced from appserialcandavincicommon.o(.constdata)
 <LI><a href="#[11f]">DavinciCommonSetScuId</a> from appserialcandavincicommon.o(i.DavinciCommonSetScuId) referenced from appserialcandavincicommon.o(.constdata)
 <LI><a href="#[120]">DavinciCommonStopScuIdAssign</a> from appserialcandavincicommon.o(i.DavinciCommonStopScuIdAssign) referenced from appserialcandavincicommon.o(.constdata)
 <LI><a href="#[121]">DavinciCommonStopScuIdRequest</a> from appserialcandavincicommon.o(i.DavinciCommonStopScuIdRequest) referenced from appserialcandavincicommon.o(.constdata)
 <LI><a href="#[10a]">DavinciParameterBmuNumber</a> from appserialcandavinciparameter.o(i.DavinciParameterBmuNumber) referenced from appserialcandavinciparameter.o(.constdata)
 <LI><a href="#[10b]">DavinciParameterCellNtcFlag</a> from appserialcandavinciparameter.o(i.DavinciParameterCellNtcFlag) referenced from appserialcandavinciparameter.o(.constdata)
 <LI><a href="#[fa]">DavinciParameterMagicCode</a> from appserialcandavinciparameter.o(i.DavinciParameterMagicCode) referenced from appserialcandavinciparameter.o(.constdata)
 <LI><a href="#[a7]">DavinciUart_cb</a> from appserialuartdavinci.o(i.DavinciUart_cb) referenced from appserialuartdavinci.o(i.appSerialUartDavinciOpen)
 <LI><a href="#[13]">DebugMon_Handler</a> from startup_stm32l496xx.o(.text) referenced from startup_stm32l496xx.o(RESET)
 <LI><a href="#[1c]">EXTI0_IRQHandler</a> from startup_stm32l496xx.o(.text) referenced from startup_stm32l496xx.o(RESET)
 <LI><a href="#[3e]">EXTI15_10_IRQHandler</a> from startup_stm32l496xx.o(.text) referenced from startup_stm32l496xx.o(RESET)
 <LI><a href="#[1d]">EXTI1_IRQHandler</a> from startup_stm32l496xx.o(.text) referenced from startup_stm32l496xx.o(RESET)
 <LI><a href="#[1e]">EXTI2_IRQHandler</a> from startup_stm32l496xx.o(.text) referenced from startup_stm32l496xx.o(RESET)
 <LI><a href="#[1f]">EXTI3_IRQHandler</a> from startup_stm32l496xx.o(.text) referenced from startup_stm32l496xx.o(RESET)
 <LI><a href="#[20]">EXTI4_IRQHandler</a> from startup_stm32l496xx.o(.text) referenced from startup_stm32l496xx.o(RESET)
 <LI><a href="#[2d]">EXTI9_5_IRQHandler</a> from smp_w5500_dma.o(i.EXTI9_5_IRQHandler) referenced from startup_stm32l496xx.o(RESET)
 <LI><a href="#[1a]">FLASH_IRQHandler</a> from startup_stm32l496xx.o(.text) referenced from startup_stm32l496xx.o(RESET)
 <LI><a href="#[46]">FMC_IRQHandler</a> from startup_stm32l496xx.o(.text) referenced from startup_stm32l496xx.o(RESET)
 <LI><a href="#[66]">FPU_IRQHandler</a> from startup_stm32l496xx.o(.text) referenced from startup_stm32l496xx.o(RESET)
 <LI><a href="#[b1]">FuCallbackFunction</a> from appserialcandavincifirmwareupgrade.o(i.FuCallbackFunction) referenced from appserialcandavincifirmwareupgrade.o(i.decodeFuInfoPackage)
 <LI><a href="#[8]">HalBspGetButtonStatus</a> from halbsp.o(i.HalBspGetButtonStatus) referenced 2 times from apisignalfeedback.o(.data)
 <LI><a href="#[a]">HalBspGetCocpLatchStatus</a> from halbsp.o(i.HalBspGetCocpLatchStatus) referenced 2 times from apisignalfeedback.o(.data)
 <LI><a href="#[1]">HalBspGetDi1Status</a> from halbsp.o(i.HalBspGetDi1Status) referenced 2 times from apisignalfeedback.o(.data)
 <LI><a href="#[2]">HalBspGetDi2Status</a> from halbsp.o(i.HalBspGetDi2Status) referenced 2 times from apisignalfeedback.o(.data)
 <LI><a href="#[9]">HalBspGetDocpLatchStatus</a> from halbsp.o(i.HalBspGetDocpLatchStatus) referenced 2 times from apisignalfeedback.o(.data)
 <LI><a href="#[3]">HalBspGetEpoStatus</a> from halbsp.o(i.HalBspGetEpoStatus) referenced 2 times from apisignalfeedback.o(.data)
 <LI><a href="#[b]">HalBspGetOdInStatus</a> from halbsp.o(i.HalBspGetOdInStatus) referenced 2 times from apisignalfeedback.o(.data)
 <LI><a href="#[5]">HalBspGetPs1Status</a> from halbsp.o(i.HalBspGetPs1Status) referenced 2 times from apisignalfeedback.o(.data)
 <LI><a href="#[6]">HalBspGetPs2Status</a> from halbsp.o(i.HalBspGetPs2Status) referenced 2 times from apisignalfeedback.o(.data)
 <LI><a href="#[7]">HalBspGetPs3Status</a> from halbsp.o(i.HalBspGetPs3Status) referenced 2 times from apisignalfeedback.o(.data)
 <LI><a href="#[4]">HalBspGetSpStatus</a> from halbsp.o(i.HalBspGetSpStatus) referenced 2 times from apisignalfeedback.o(.data)
 <LI><a href="#[e]">HardFault_Handler</a> from startup_stm32l496xx.o(.text) referenced from startup_stm32l496xx.o(RESET)
 <LI><a href="#[36]">I2C1_ER_IRQHandler</a> from startup_stm32l496xx.o(.text) referenced from startup_stm32l496xx.o(RESET)
 <LI><a href="#[35]">I2C1_EV_IRQHandler</a> from startup_stm32l496xx.o(.text) referenced from startup_stm32l496xx.o(RESET)
 <LI><a href="#[38]">I2C2_ER_IRQHandler</a> from startup_stm32l496xx.o(.text) referenced from startup_stm32l496xx.o(RESET)
 <LI><a href="#[37]">I2C2_EV_IRQHandler</a> from startup_stm32l496xx.o(.text) referenced from startup_stm32l496xx.o(RESET)
 <LI><a href="#[5f]">I2C3_ER_IRQHandler</a> from startup_stm32l496xx.o(.text) referenced from startup_stm32l496xx.o(RESET)
 <LI><a href="#[5e]">I2C3_EV_IRQHandler</a> from startup_stm32l496xx.o(.text) referenced from startup_stm32l496xx.o(RESET)
 <LI><a href="#[69]">I2C4_ER_IRQHandler</a> from startup_stm32l496xx.o(.text) referenced from startup_stm32l496xx.o(RESET)
 <LI><a href="#[68]">I2C4_EV_IRQHandler</a> from startup_stm32l496xx.o(.text) referenced from startup_stm32l496xx.o(RESET)
 <LI><a href="#[90]">IRMonitoringSwTimerHandler</a> from apiirmonitoring.o(i.IRMonitoringSwTimerHandler) referenced from apiirmonitoring.o(i.apiIRMonitoringOpen)
 <LI><a href="#[64]">LCD_IRQHandler</a> from startup_stm32l496xx.o(.text) referenced from startup_stm32l496xx.o(RESET)
 <LI><a href="#[57]">LPTIM1_IRQHandler</a> from startup_stm32l496xx.o(.text) referenced from startup_stm32l496xx.o(RESET)
 <LI><a href="#[58]">LPTIM2_IRQHandler</a> from startup_stm32l496xx.o(.text) referenced from startup_stm32l496xx.o(RESET)
 <LI><a href="#[5c]">LPUART1_IRQHandler</a> from startup_stm32l496xx.o(.text) referenced from startup_stm32l496xx.o(RESET)
 <LI><a href="#[c3]">MX25L_SPI_1_event_handler</a> from smp_mx25l_driver.o(i.MX25L_SPI_1_event_handler) referenced from smp_mx25l_driver.o(i.smp_mx25l_flash_init)
 <LI><a href="#[f]">MemManage_Handler</a> from startup_stm32l496xx.o(.text) referenced from startup_stm32l496xx.o(RESET)
 <LI><a href="#[d]">NMI_Handler</a> from startup_stm32l496xx.o(.text) referenced from startup_stm32l496xx.o(RESET)
 <LI><a href="#[59]">OTG_FS_IRQHandler</a> from startup_stm32l496xx.o(.text) referenced from startup_stm32l496xx.o(RESET)
 <LI><a href="#[17]">PVD_PVM_IRQHandler</a> from startup_stm32l496xx.o(.text) referenced from startup_stm32l496xx.o(RESET)
 <LI><a href="#[14]">PendSV_Handler</a> from startup_stm32l496xx.o(.text) referenced from startup_stm32l496xx.o(RESET)
 <LI><a href="#[5d]">QUADSPI_IRQHandler</a> from startup_stm32l496xx.o(.text) referenced from startup_stm32l496xx.o(RESET)
 <LI><a href="#[1b]">RCC_IRQHandler</a> from startup_stm32l496xx.o(.text) referenced from startup_stm32l496xx.o(RESET)
 <LI><a href="#[65]">RNG_IRQHandler</a> from startup_stm32l496xx.o(.text) referenced from startup_stm32l496xx.o(RESET)
 <LI><a href="#[3f]">RTC_Alarm_IRQHandler</a> from startup_stm32l496xx.o(.text) referenced from startup_stm32l496xx.o(RESET)
 <LI><a href="#[19]">RTC_WKUP_IRQHandler</a> from startup_stm32l496xx.o(.text) referenced from startup_stm32l496xx.o(RESET)
 <LI><a href="#[c]">Reset_Handler</a> from startup_stm32l496xx.o(.text) referenced from startup_stm32l496xx.o(RESET)
 <LI><a href="#[60]">SAI1_IRQHandler</a> from startup_stm32l496xx.o(.text) referenced from startup_stm32l496xx.o(RESET)
 <LI><a href="#[61]">SAI2_IRQHandler</a> from startup_stm32l496xx.o(.text) referenced from startup_stm32l496xx.o(RESET)
 <LI><a href="#[47]">SDMMC1_IRQHandler</a> from startup_stm32l496xx.o(.text) referenced from startup_stm32l496xx.o(RESET)
 <LI><a href="#[39]">SPI1_IRQHandler</a> from startup_stm32l496xx.o(.text) referenced from startup_stm32l496xx.o(RESET)
 <LI><a href="#[3a]">SPI2_IRQHandler</a> from startup_stm32l496xx.o(.text) referenced from startup_stm32l496xx.o(RESET)
 <LI><a href="#[49]">SPI3_IRQHandler</a> from startup_stm32l496xx.o(.text) referenced from startup_stm32l496xx.o(RESET)
 <LI><a href="#[79]">SPI_DMAError</a> from stm32l4xx_hal_spi.o(i.SPI_DMAError) referenced from stm32l4xx_hal_spi.o(i.HAL_SPI_Receive_DMA)
 <LI><a href="#[79]">SPI_DMAError</a> from stm32l4xx_hal_spi.o(i.SPI_DMAError) referenced from stm32l4xx_hal_spi.o(i.HAL_SPI_TransmitReceive_DMA)
 <LI><a href="#[79]">SPI_DMAError</a> from stm32l4xx_hal_spi.o(i.SPI_DMAError) referenced from stm32l4xx_hal_spi.o(i.HAL_SPI_Transmit_DMA)
 <LI><a href="#[77]">SPI_DMAHalfReceiveCplt</a> from stm32l4xx_hal_spi.o(i.SPI_DMAHalfReceiveCplt) referenced from stm32l4xx_hal_spi.o(i.HAL_SPI_Receive_DMA)
 <LI><a href="#[77]">SPI_DMAHalfReceiveCplt</a> from stm32l4xx_hal_spi.o(i.SPI_DMAHalfReceiveCplt) referenced from stm32l4xx_hal_spi.o(i.HAL_SPI_TransmitReceive_DMA)
 <LI><a href="#[7c]">SPI_DMAHalfTransmitCplt</a> from stm32l4xx_hal_spi.o(i.SPI_DMAHalfTransmitCplt) referenced from stm32l4xx_hal_spi.o(i.HAL_SPI_Transmit_DMA)
 <LI><a href="#[7a]">SPI_DMAHalfTransmitReceiveCplt</a> from stm32l4xx_hal_spi.o(i.SPI_DMAHalfTransmitReceiveCplt) referenced from stm32l4xx_hal_spi.o(i.HAL_SPI_TransmitReceive_DMA)
 <LI><a href="#[78]">SPI_DMAReceiveCplt</a> from stm32l4xx_hal_spi.o(i.SPI_DMAReceiveCplt) referenced from stm32l4xx_hal_spi.o(i.HAL_SPI_Receive_DMA)
 <LI><a href="#[78]">SPI_DMAReceiveCplt</a> from stm32l4xx_hal_spi.o(i.SPI_DMAReceiveCplt) referenced from stm32l4xx_hal_spi.o(i.HAL_SPI_TransmitReceive_DMA)
 <LI><a href="#[7d]">SPI_DMATransmitCplt</a> from stm32l4xx_hal_spi.o(i.SPI_DMATransmitCplt) referenced from stm32l4xx_hal_spi.o(i.HAL_SPI_Transmit_DMA)
 <LI><a href="#[7b]">SPI_DMATransmitReceiveCplt</a> from stm32l4xx_hal_spi.o(i.SPI_DMATransmitReceiveCplt) referenced from stm32l4xx_hal_spi.o(i.HAL_SPI_TransmitReceive_DMA)
 <LI><a href="#[12]">SVC_Handler</a> from startup_stm32l496xx.o(.text) referenced from startup_stm32l496xx.o(RESET)
 <LI><a href="#[62]">SWPMI1_IRQHandler</a> from startup_stm32l496xx.o(.text) referenced from startup_stm32l496xx.o(RESET)
 <LI><a href="#[15]">SysTick_Handler</a> from main.o(i.SysTick_Handler) referenced from startup_stm32l496xx.o(RESET)
 <LI><a href="#[71]">SystemInit</a> from system_stm32l4xx.o(i.SystemInit) referenced from startup_stm32l496xx.o(.text)
 <LI><a href="#[18]">TAMP_STAMP_IRQHandler</a> from startup_stm32l496xx.o(.text) referenced from startup_stm32l496xx.o(RESET)
 <LI><a href="#[2e]">TIM1_BRK_TIM15_IRQHandler</a> from startup_stm32l496xx.o(.text) referenced from startup_stm32l496xx.o(RESET)
 <LI><a href="#[31]">TIM1_CC_IRQHandler</a> from startup_stm32l496xx.o(.text) referenced from startup_stm32l496xx.o(RESET)
 <LI><a href="#[30]">TIM1_TRG_COM_TIM17_IRQHandler</a> from startup_stm32l496xx.o(.text) referenced from startup_stm32l496xx.o(RESET)
 <LI><a href="#[2f]">TIM1_UP_TIM16_IRQHandler</a> from startup_stm32l496xx.o(.text) referenced from startup_stm32l496xx.o(RESET)
 <LI><a href="#[32]">TIM2_IRQHandler</a> from startup_stm32l496xx.o(.text) referenced from startup_stm32l496xx.o(RESET)
 <LI><a href="#[33]">TIM3_IRQHandler</a> from haltimerstm32l4xx.o(i.TIM3_IRQHandler) referenced from startup_stm32l496xx.o(RESET)
 <LI><a href="#[34]">TIM4_IRQHandler</a> from startup_stm32l496xx.o(.text) referenced from startup_stm32l496xx.o(RESET)
 <LI><a href="#[48]">TIM5_IRQHandler</a> from startup_stm32l496xx.o(.text) referenced from startup_stm32l496xx.o(RESET)
 <LI><a href="#[4c]">TIM6_DAC_IRQHandler</a> from startup_stm32l496xx.o(.text) referenced from startup_stm32l496xx.o(RESET)
 <LI><a href="#[4d]">TIM7_IRQHandler</a> from startup_stm32l496xx.o(.text) referenced from startup_stm32l496xx.o(RESET)
 <LI><a href="#[41]">TIM8_BRK_IRQHandler</a> from startup_stm32l496xx.o(.text) referenced from startup_stm32l496xx.o(RESET)
 <LI><a href="#[44]">TIM8_CC_IRQHandler</a> from startup_stm32l496xx.o(.text) referenced from startup_stm32l496xx.o(RESET)
 <LI><a href="#[43]">TIM8_TRG_COM_IRQHandler</a> from startup_stm32l496xx.o(.text) referenced from startup_stm32l496xx.o(RESET)
 <LI><a href="#[42]">TIM8_UP_IRQHandler</a> from startup_stm32l496xx.o(.text) referenced from startup_stm32l496xx.o(RESET)
 <LI><a href="#[63]">TSC_IRQHandler</a> from startup_stm32l496xx.o(.text) referenced from startup_stm32l496xx.o(RESET)
 <LI><a href="#[4a]">UART4_IRQHandler</a> from smp_uart.o(i.UART4_IRQHandler) referenced from startup_stm32l496xx.o(RESET)
 <LI><a href="#[4b]">UART5_IRQHandler</a> from startup_stm32l496xx.o(.text) referenced from startup_stm32l496xx.o(RESET)
 <LI><a href="#[7e]">UART_DMAAbortOnError</a> from stm32l4xx_hal_uart.o(i.UART_DMAAbortOnError) referenced from stm32l4xx_hal_uart.o(i.HAL_UART_IRQHandler)
 <LI><a href="#[81]">UART_DMAError</a> from stm32l4xx_hal_uart.o(i.UART_DMAError) referenced from stm32l4xx_hal_uart.o(i.HAL_UART_Transmit_DMA)
 <LI><a href="#[81]">UART_DMAError</a> from stm32l4xx_hal_uart.o(i.UART_DMAError) referenced from stm32l4xx_hal_uart.o(i.UART_Start_Receive_DMA)
 <LI><a href="#[86]">UART_DMAReceiveCplt</a> from stm32l4xx_hal_uart.o(i.UART_DMAReceiveCplt) referenced from stm32l4xx_hal_uart.o(i.UART_Start_Receive_DMA)
 <LI><a href="#[87]">UART_DMARxHalfCplt</a> from stm32l4xx_hal_uart.o(i.UART_DMARxHalfCplt) referenced from stm32l4xx_hal_uart.o(i.UART_Start_Receive_DMA)
 <LI><a href="#[7f]">UART_DMATransmitCplt</a> from stm32l4xx_hal_uart.o(i.UART_DMATransmitCplt) referenced from stm32l4xx_hal_uart.o(i.HAL_UART_Transmit_DMA)
 <LI><a href="#[80]">UART_DMATxHalfCplt</a> from stm32l4xx_hal_uart.o(i.UART_DMATxHalfCplt) referenced from stm32l4xx_hal_uart.o(i.HAL_UART_Transmit_DMA)
 <LI><a href="#[89]">UART_RxISR_16BIT</a> from stm32l4xx_hal_uart.o(i.UART_RxISR_16BIT) referenced from stm32l4xx_hal_uart.o(i.UART_Start_Receive_IT)
 <LI><a href="#[88]">UART_RxISR_8BIT</a> from stm32l4xx_hal_uart.o(i.UART_RxISR_8BIT) referenced from stm32l4xx_hal_uart.o(i.UART_Start_Receive_IT)
 <LI><a href="#[83]">UART_TxISR_16BIT</a> from stm32l4xx_hal_uart.o(i.UART_TxISR_16BIT) referenced from stm32l4xx_hal_uart.o(i.HAL_UART_Transmit_IT)
 <LI><a href="#[82]">UART_TxISR_8BIT</a> from stm32l4xx_hal_uart.o(i.UART_TxISR_8BIT) referenced from stm32l4xx_hal_uart.o(i.HAL_UART_Transmit_IT)
 <LI><a href="#[3b]">USART1_IRQHandler</a> from startup_stm32l496xx.o(.text) referenced from startup_stm32l496xx.o(RESET)
 <LI><a href="#[3c]">USART2_IRQHandler</a> from startup_stm32l496xx.o(.text) referenced from startup_stm32l496xx.o(RESET)
 <LI><a href="#[3d]">USART3_IRQHandler</a> from smp_uart.o(i.USART3_IRQHandler) referenced from startup_stm32l496xx.o(RESET)
 <LI><a href="#[11]">UsageFault_Handler</a> from startup_stm32l496xx.o(.text) referenced from startup_stm32l496xx.o(RESET)
 <LI><a href="#[84]">W5500SwTimerHandler</a> from smp_w5500_dma.o(i.W5500SwTimerHandler) referenced from smp_w5500_dma.o(i.Hal_W5500_Open)
 <LI><a href="#[16]">WWDG_IRQHandler</a> from startup_stm32l496xx.o(.text) referenced from startup_stm32l496xx.o(RESET)
 <LI><a href="#[72]">__main</a> from entry.o(.ARM.Collect$$$$00000000) referenced from startup_stm32l496xx.o(.text)
 <LI><a href="#[8b]">_sputc</a> from printfa.o(i._sputc) referenced from printfa.o(i.__0sprintf)
 <LI><a href="#[af]">ads7946_callBack</a> from halafeads7946.o(i.ads7946_callBack) referenced from halafeads7946.o(i.currentSwTimerHandler)
 <LI><a href="#[97]">appBalanceCheck</a> from appbalance.o(i.appBalanceCheck) referenced from appbalance.o(i.appBalanceSwTimerHandler)
 <LI><a href="#[bf]">appBalanceCheckEvent</a> from appbalance.o(i.appBalanceCheckEvent) referenced from appbalance.o(i.nextBalanceCheckProcess)
 <LI><a href="#[96]">appBalanceSwTimerHandler</a> from appbalance.o(i.appBalanceSwTimerHandler) referenced from appbalance.o(i.appBalanceOpen)
 <LI><a href="#[a1]">appProjectDavinciBalanceEventHandler</a> from appprojecthvess.o(i.appProjectDavinciBalanceEventHandler) referenced from appprojecthvess.o(i.appProjectOpen)
 <LI><a href="#[9e]">appProjectHwTimerHandler</a> from appprojecthvess.o(i.appProjectHwTimerHandler) referenced from appprojecthvess.o(i.appProjectOpen)
 <LI><a href="#[a2]">appProjectSwTimerHandler</a> from appprojecthvess.o(i.appProjectSwTimerHandler) referenced from appprojecthvess.o(i.appProjectOpen)
 <LI><a href="#[da]">appProtectCocp_L1</a> from appprotect.o(i.appProtectCocp_L1) referenced from appprotect.o(.constdata)
 <LI><a href="#[db]">appProtectCocp_L2</a> from appprotect.o(i.appProtectCocp_L2) referenced from appprotect.o(.constdata)
 <LI><a href="#[dc]">appProtectCocp_L3</a> from appprotect.o(i.appProtectCocp_L3) referenced from appprotect.o(.constdata)
 <LI><a href="#[ce]">appProtectCotp_L1</a> from appprotect.o(i.appProtectCotp_L1) referenced from appprotect.o(.constdata)
 <LI><a href="#[cf]">appProtectCotp_L2</a> from appprotect.o(i.appProtectCotp_L2) referenced from appprotect.o(.constdata)
 <LI><a href="#[d0]">appProtectCotp_L3</a> from appprotect.o(i.appProtectCotp_L3) referenced from appprotect.o(.constdata)
 <LI><a href="#[d1]">appProtectCutp_L1</a> from appprotect.o(i.appProtectCutp_L1) referenced from appprotect.o(.constdata)
 <LI><a href="#[d2]">appProtectCutp_L2</a> from appprotect.o(i.appProtectCutp_L2) referenced from appprotect.o(.constdata)
 <LI><a href="#[d3]">appProtectCutp_L3</a> from appprotect.o(i.appProtectCutp_L3) referenced from appprotect.o(.constdata)
 <LI><a href="#[dd]">appProtectDocp_L1</a> from appprotect.o(i.appProtectDocp_L1) referenced from appprotect.o(.constdata)
 <LI><a href="#[de]">appProtectDocp_L2</a> from appprotect.o(i.appProtectDocp_L2) referenced from appprotect.o(.constdata)
 <LI><a href="#[df]">appProtectDocp_L3</a> from appprotect.o(i.appProtectDocp_L3) referenced from appprotect.o(.constdata)
 <LI><a href="#[d4]">appProtectDotp_L1</a> from appprotect.o(i.appProtectDotp_L1) referenced from appprotect.o(.constdata)
 <LI><a href="#[d5]">appProtectDotp_L2</a> from appprotect.o(i.appProtectDotp_L2) referenced from appprotect.o(.constdata)
 <LI><a href="#[d6]">appProtectDotp_L3</a> from appprotect.o(i.appProtectDotp_L3) referenced from appprotect.o(.constdata)
 <LI><a href="#[d7]">appProtectDutp_L1</a> from appprotect.o(i.appProtectDutp_L1) referenced from appprotect.o(.constdata)
 <LI><a href="#[d8]">appProtectDutp_L2</a> from appprotect.o(i.appProtectDutp_L2) referenced from appprotect.o(.constdata)
 <LI><a href="#[d9]">appProtectDutp_L3</a> from appprotect.o(i.appProtectDutp_L3) referenced from appprotect.o(.constdata)
 <LI><a href="#[e0]">appProtectEnd</a> from appprotect.o(i.appProtectEnd) referenced from appprotect.o(.constdata)
 <LI><a href="#[c5]">appProtectNone</a> from appprotect.o(i.appProtectNone) referenced from appprotect.o(.constdata)
 <LI><a href="#[c9]">appProtectOvPf</a> from appprotect.o(i.appProtectOvPf) referenced from appprotect.o(.constdata)
 <LI><a href="#[c6]">appProtectOvp_L1</a> from appprotect.o(i.appProtectOvp_L1) referenced from appprotect.o(.constdata)
 <LI><a href="#[c7]">appProtectOvp_L2</a> from appprotect.o(i.appProtectOvp_L2) referenced from appprotect.o(.constdata)
 <LI><a href="#[c8]">appProtectOvp_L3</a> from appprotect.o(i.appProtectOvp_L3) referenced from appprotect.o(.constdata)
 <LI><a href="#[a4]">appProtectSwTimerHandler</a> from appprotect.o(i.appProtectSwTimerHandler) referenced from appprotect.o(i.appProtectOpen)
 <LI><a href="#[cd]">appProtectUvpPf</a> from appprotect.o(i.appProtectUvpPf) referenced from appprotect.o(.constdata)
 <LI><a href="#[ca]">appProtectUvp_L1</a> from appprotect.o(i.appProtectUvp_L1) referenced from appprotect.o(.constdata)
 <LI><a href="#[cb]">appProtectUvp_L2</a> from appprotect.o(i.appProtectUvp_L2) referenced from appprotect.o(.constdata)
 <LI><a href="#[cc]">appProtectUvp_L3</a> from appprotect.o(i.appProtectUvp_L3) referenced from appprotect.o(.constdata)
 <LI><a href="#[e8]">appSerialCanDavinciNotificationCellVoltage</a> from appserialcandavincinotification.o(i.appSerialCanDavinciNotificationCellVoltage) referenced from appserialcandavincinotification.o(.constdata)
 <LI><a href="#[ec]">appSerialCanDavinciNotificationCotpFlag</a> from appserialcandavincinotification.o(i.appSerialCanDavinciNotificationCotpFlag) referenced from appserialcandavincinotification.o(.constdata)
 <LI><a href="#[ed]">appSerialCanDavinciNotificationCutpFlag</a> from appserialcandavincinotification.o(i.appSerialCanDavinciNotificationCutpFlag) referenced from appserialcandavincinotification.o(.constdata)
 <LI><a href="#[ee]">appSerialCanDavinciNotificationDotpFlag</a> from appserialcandavincinotification.o(i.appSerialCanDavinciNotificationDotpFlag) referenced from appserialcandavincinotification.o(.constdata)
 <LI><a href="#[ef]">appSerialCanDavinciNotificationDutpFlag</a> from appserialcandavincinotification.o(i.appSerialCanDavinciNotificationDutpFlag) referenced from appserialcandavincinotification.o(.constdata)
 <LI><a href="#[f0]">appSerialCanDavinciNotificationEnd</a> from appserialcandavincinotification.o(i.appSerialCanDavinciNotificationEnd) referenced from appserialcandavincinotification.o(.constdata)
 <LI><a href="#[e9]">appSerialCanDavinciNotificationNtcVoltage</a> from appserialcandavincinotification.o(i.appSerialCanDavinciNotificationNtcVoltage) referenced from appserialcandavincinotification.o(.constdata)
 <LI><a href="#[ea]">appSerialCanDavinciNotificationOvpFlag</a> from appserialcandavincinotification.o(i.appSerialCanDavinciNotificationOvpFlag) referenced from appserialcandavincinotification.o(.constdata)
 <LI><a href="#[eb]">appSerialCanDavinciNotificationUvpFlag</a> from appserialcandavincinotification.o(i.appSerialCanDavinciNotificationUvpFlag) referenced from appserialcandavincinotification.o(.constdata)
 <LI><a href="#[a6]">appSerialCanDavinciTimerHandler</a> from appserialcandavinci.o(i.appSerialCanDavinciTimerHandler) referenced from appserialcandavinci.o(i.appSerialCanDavinciOpen)
 <LI><a href="#[a8]">appSerialUartDavinciTimerHandler</a> from appserialuartdavinci.o(i.appSerialUartDavinciTimerHandler) referenced from appserialuartdavinci.o(i.appSerialUartDavinciOpen)
 <LI><a href="#[b5]">app_afe_cb</a> from halafebq796xx.o(i.app_afe_cb) referenced from main.o(i.main)
 <LI><a href="#[a9]">app_clean_event_handler</a> from smp_log_managment.o(i.app_clean_event_handler) referenced from smp_log_managment.o(i.app_flash_log_managment_clean_fix_memory)
 <LI><a href="#[a9]">app_clean_event_handler</a> from smp_log_managment.o(i.app_clean_event_handler) referenced from smp_log_managment.o(i.app_flash_log_managment_clean_head)
 <LI><a href="#[a9]">app_clean_event_handler</a> from smp_log_managment.o(i.app_clean_event_handler) referenced from smp_log_managment.o(i.app_flash_log_managment_clean_reflash_memory)
 <LI><a href="#[be]">app_flash_log_event_handler</a> from main.o(i.app_flash_log_event_handler) referenced from main.o(i.main)
 <LI><a href="#[ab]">app_imr_ads7946_callBack</a> from main.o(i.app_imr_ads7946_callBack) referenced from main.o(i.app_irm_trigger_voltage_data_cb)
 <LI><a href="#[ba]">app_irm_get_device_init_cb</a> from main.o(i.app_irm_get_device_init_cb) referenced from main.o(i.main)
 <LI><a href="#[bc]">app_irm_rxdata_cb</a> from main.o(i.app_irm_rxdata_cb) referenced from main.o(i.main)
 <LI><a href="#[b7]">app_irm_sw1_gpio</a> from main.o(i.app_irm_sw1_gpio) referenced from main.o(i.main)
 <LI><a href="#[b8]">app_irm_sw2_gpio</a> from main.o(i.app_irm_sw2_gpio) referenced from main.o(i.main)
 <LI><a href="#[b9]">app_irm_sw3_gpio</a> from main.o(i.app_irm_sw3_gpio) referenced from main.o(i.main)
 <LI><a href="#[b6]">app_irm_sw_gpio_init_cb</a> from main.o(i.app_irm_sw_gpio_init_cb) referenced from main.o(i.main)
 <LI><a href="#[bb]">app_irm_trigger_voltage_data_cb</a> from main.o(i.app_irm_trigger_voltage_data_cb) referenced from main.o(i.main)
 <LI><a href="#[aa]">app_sector_header_event_handler</a> from smp_log_managment.o(i.app_sector_header_event_handler) referenced from smp_log_managment.o(i.app_flash_sector_header_load)
 <LI><a href="#[aa]">app_sector_header_event_handler</a> from smp_log_managment.o(i.app_sector_header_event_handler) referenced from smp_log_managment.o(i.app_sector_header_event_handler)
 <LI><a href="#[ac]">batteryInfoSwTimerHandler</a> from apisyspar.o(i.batteryInfoSwTimerHandler) referenced from apisyspar.o(i.batteryInfoSwTimerHandler)
 <LI><a href="#[ac]">batteryInfoSwTimerHandler</a> from apisyspar.o(i.batteryInfoSwTimerHandler) referenced from apisyspar.o(i.resetBatteryInfoIdleCount)
 <LI><a href="#[a3]">buttonEventHandler</a> from appprojecthvess.o(i.buttonEventHandler) referenced from appprojecthvess.o(i.appProjectOpen)
 <LI><a href="#[9b]">buttonSwTimerHandler</a> from appbutton.o(i.buttonSwTimerHandler) referenced from appbutton.o(i.appButtonOpen)
 <LI><a href="#[144]">checkCOCP_DOCP_Flag</a> from apisystemflag.o(i.checkCOCP_DOCP_Flag) referenced from apisystemflag.o(.constdata)
 <LI><a href="#[138]">checkCOTP_L1</a> from apisystemflag.o(i.checkCOTP_L1) referenced from apisystemflag.o(.constdata)
 <LI><a href="#[139]">checkCOTP_L2</a> from apisystemflag.o(i.checkCOTP_L2) referenced from apisystemflag.o(.constdata)
 <LI><a href="#[13a]">checkCOTP_L3</a> from apisystemflag.o(i.checkCOTP_L3) referenced from apisystemflag.o(.constdata)
 <LI><a href="#[13b]">checkCUTP_L1</a> from apisystemflag.o(i.checkCUTP_L1) referenced from apisystemflag.o(.constdata)
 <LI><a href="#[13c]">checkCUTP_L2</a> from apisystemflag.o(i.checkCUTP_L2) referenced from apisystemflag.o(.constdata)
 <LI><a href="#[13d]">checkCUTP_L3</a> from apisystemflag.o(i.checkCUTP_L3) referenced from apisystemflag.o(.constdata)
 <LI><a href="#[13e]">checkDOTP_L1</a> from apisystemflag.o(i.checkDOTP_L1) referenced from apisystemflag.o(.constdata)
 <LI><a href="#[13f]">checkDOTP_L2</a> from apisystemflag.o(i.checkDOTP_L2) referenced from apisystemflag.o(.constdata)
 <LI><a href="#[140]">checkDOTP_L3</a> from apisystemflag.o(i.checkDOTP_L3) referenced from apisystemflag.o(.constdata)
 <LI><a href="#[141]">checkDUTP_L1</a> from apisystemflag.o(i.checkDUTP_L1) referenced from apisystemflag.o(.constdata)
 <LI><a href="#[142]">checkDUTP_L2</a> from apisystemflag.o(i.checkDUTP_L2) referenced from apisystemflag.o(.constdata)
 <LI><a href="#[143]">checkDUTP_L3</a> from apisystemflag.o(i.checkDUTP_L3) referenced from apisystemflag.o(.constdata)
 <LI><a href="#[145]">checkFbSignal</a> from apisystemflag.o(i.checkFbSignal) referenced from apisystemflag.o(.constdata)
 <LI><a href="#[131]">checkFlagNone</a> from apisystemflag.o(i.checkFlagNone) referenced from apisystemflag.o(.constdata)
 <LI><a href="#[ad]">checkFuCodeDataSwTimerHandler</a> from apifuflashrom.o(i.checkFuCodeDataSwTimerHandler) referenced from apifuflashrom.o(i.checkFuCodeDataSwTimerHandler)
 <LI><a href="#[ad]">checkFuCodeDataSwTimerHandler</a> from apifuflashrom.o(i.checkFuCodeDataSwTimerHandler) referenced from apifuflashrom.o(i.checkRcvFuCodeData)
 <LI><a href="#[147]">checkMinMaxCellVoltage</a> from apisystemflag.o(i.checkMinMaxCellVoltage) referenced from apisystemflag.o(.constdata)
 <LI><a href="#[148]">checkMinMaxNtcTempVoltage</a> from apisystemflag.o(i.checkMinMaxNtcTempVoltage) referenced from apisystemflag.o(.constdata)
 <LI><a href="#[132]">checkOVP_L1</a> from apisystemflag.o(i.checkOVP_L1) referenced from apisystemflag.o(.constdata)
 <LI><a href="#[133]">checkOVP_L2</a> from apisystemflag.o(i.checkOVP_L2) referenced from apisystemflag.o(.constdata)
 <LI><a href="#[134]">checkOVP_L3</a> from apisystemflag.o(i.checkOVP_L3) referenced from apisystemflag.o(.constdata)
 <LI><a href="#[9a]">checkOdInSwTimerHandler</a> from appbms.o(i.checkOdInSwTimerHandler) referenced from appbms.o(i.appBmsOpen)
 <LI><a href="#[146]">checkOtherFlag</a> from apisystemflag.o(i.checkOtherFlag) referenced from apisystemflag.o(.constdata)
 <LI><a href="#[135]">checkUVP_L1</a> from apisystemflag.o(i.checkUVP_L1) referenced from apisystemflag.o(.constdata)
 <LI><a href="#[136]">checkUVP_L2</a> from apisystemflag.o(i.checkUVP_L2) referenced from apisystemflag.o(.constdata)
 <LI><a href="#[137]">checkUVP_L3</a> from apisystemflag.o(i.checkUVP_L3) referenced from apisystemflag.o(.constdata)
 <LI><a href="#[b4]">currentSwTimerHandler</a> from halafeads7946.o(i.currentSwTimerHandler) referenced from halafeads7946.o(i.halAfeCurrentOpen)
 <LI><a href="#[f3]">davinciCanAdc</a> from appserialcandavincicmd.o(i.davinciCanAdc) referenced from appserialcandavincicmd.o(.constdata)
 <LI><a href="#[f5]">davinciCanChecksumn</a> from appserialcandavincicmd.o(i.davinciCanChecksumn) referenced from appserialcandavincicmd.o(.constdata)
 <LI><a href="#[f7]">davinciCanCleanData</a> from appserialcandavincicmd.o(i.davinciCanCleanData) referenced from appserialcandavincicmd.o(.constdata)
 <LI><a href="#[f8]">davinciCanFaultLog</a> from appserialcandavincicmd.o(i.davinciCanFaultLog) referenced from appserialcandavincicmd.o(.constdata)
 <LI><a href="#[f6]">davinciCanPfFlag</a> from appserialcandavincicmd.o(i.davinciCanPfFlag) referenced from appserialcandavincicmd.o(.constdata)
 <LI><a href="#[f4]">davinciCanRelayOn</a> from appserialcandavincicmd.o(i.davinciCanRelayOn) referenced from appserialcandavincicmd.o(.constdata)
 <LI><a href="#[f2]">davinciCanRtc</a> from appserialcandavincicmd.o(i.davinciCanRtc) referenced from appserialcandavincicmd.o(.constdata)
 <LI><a href="#[f9]">davinciCanSoc</a> from appserialcandavincicmd.o(i.davinciCanSoc) referenced from appserialcandavincicmd.o(.constdata)
 <LI><a href="#[b2]">drv_bq796xx_HwTimerHanlder</a> from smp_drv_bq796xx.o(i.drv_bq796xx_HwTimerHanlder) referenced from smp_drv_bq796xx.o(i.drv_bq796xx_init)
 <LI><a href="#[b3]">drv_bq796xx_uart_event_handler</a> from smp_drv_bq796xx.o(i.drv_bq796xx_uart_event_handler) referenced from smp_drv_bq796xx.o(i.drv_bq796xx_switch_rx_pin_type_setting)
 <LI><a href="#[b0]">faultLog1DataCallBack</a> from appserialcandavincicmd.o(i.faultLog1DataCallBack) referenced from appserialcandavincicmd.o(i.davinciCanFaultLog)
 <LI><a href="#[8a]">fputc</a> from fputc.o(i.fputc) referenced from printfa.o(i.__0printf)
 <LI><a href="#[a0]">gaugeEventHandler</a> from appprojecthvess.o(i.gaugeEventHandler) referenced from appprojecthvess.o(i.appProjectOpen)
 <LI><a href="#[9d]">gaugeHwTimerHandler</a> from appgauge.o(i.gaugeHwTimerHandler) referenced from appgauge.o(i.appGaugeOpen)
 <LI><a href="#[9c]">gaugeSwTimerHandler</a> from appgauge.o(i.gaugeSwTimerHandler) referenced from appgauge.o(i.appGaugeOpen)
 <LI><a href="#[85]">getIRMonitoringVoValue_cb</a> from apiirmonitoring.o(i.getIRMonitoringVoValue_cb) referenced from apiirmonitoring.o(i.IRMonitoring_Init)
 <LI><a href="#[bd]">irm_data_ready_cb</a> from main.o(i.irm_data_ready_cb) referenced from main.o(i.main)
 <LI><a href="#[73]">magicCodeIdleSwTimerHandler</a> from appserialcandavinciparameter.o(i.magicCodeIdleSwTimerHandler) referenced from appserialcandavinciparameter.o(i.DavinciParameterMagicCode)
 <LI><a href="#[73]">magicCodeIdleSwTimerHandler</a> from appserialcandavinciparameter.o(i.magicCodeIdleSwTimerHandler) referenced from appserialcandavinciparameter.o(i.magicCodeIdleSwTimerHandler)
 <LI><a href="#[70]">main</a> from main.o(i.main) referenced from entry9a.o(.ARM.Collect$$$$0000000B)
 <LI><a href="#[99]">masterSwTimerHandler</a> from appbms.o(i.masterSwTimerHandler) referenced from appbms.o(i.appBmsOpen)
 <LI><a href="#[99]">masterSwTimerHandler</a> from appbms.o(i.masterSwTimerHandler) referenced from appbms.o(i.appBmsResetScuId)
 <LI><a href="#[99]">masterSwTimerHandler</a> from appbms.o(i.masterSwTimerHandler) referenced from appbms.o(i.checkOdInSwTimerHandler)
 <LI><a href="#[e7]">notifyBaseInfoPackage</a> from appserialcandavincinotification.o(i.notifyBaseInfoPackage) referenced from appserialcandavincinotification.o(.constdata)
 <LI><a href="#[e6]">notifyFunNone</a> from appserialcandavincinotification.o(i.notifyFunNone) referenced from appserialcandavincinotification.o(.constdata)
 <LI><a href="#[c0]">ocpReleaseSwTimer</a> from appprojecthvess.o(i.ocpReleaseSwTimer) referenced from appprojecthvess.o(i.ocpReleaseSwTimer)
 <LI><a href="#[c0]">ocpReleaseSwTimer</a> from appprojecthvess.o(i.ocpReleaseSwTimer) referenced from appprojecthvess.o(i.releaseOCP)
 <LI><a href="#[98]">outputNextScuCanRequestIdSignal</a> from appbms.o(i.outputNextScuCanRequestIdSignal) referenced from appbms.o(i.appBmsEnterScuIdAssignMode)
 <LI><a href="#[9f]">protectEventHandler</a> from appprojecthvess.o(i.protectEventHandler) referenced from appprojecthvess.o(i.appProjectOpen)
 <LI><a href="#[91]">relayControlSwTimerHandler</a> from apirelaycontrol.o(i.relayControlSwTimerHandler) referenced from apirelaycontrol.o(i.apiRelayControlOpen)
 <LI><a href="#[8d]">resetAndUpdateSwTimerHandler</a> from apifu.o(i.resetAndUpdateSwTimerHandler) referenced from apifu.o(i.apiFuResetAndUpdate)
 <LI><a href="#[8e]">resetAppSwTimerHandler</a> from apifu.o(i.resetAppSwTimerHandler) referenced from apifu.o(i.apiFuResetApp)
 <LI><a href="#[12f]">scuCurrent</a> from appserialcandavincibasecmd.o(i.scuCurrent) referenced from appserialcandavincibasecmd.o(.constdata)
 <LI><a href="#[12d]">scuIdBrocast</a> from appserialcandavincibasecmd.o(i.scuIdBrocast) referenced from appserialcandavincibasecmd.o(.constdata)
 <LI><a href="#[12e]">scuSystemFlag</a> from appserialcandavincibasecmd.o(i.scuSystemFlag) referenced from appserialcandavincibasecmd.o(.constdata)
 <LI><a href="#[92]">scuTempSwTimerHandler</a> from apiscutemp.o(i.scuTempSwTimerHandler) referenced from apiscutemp.o(i.apiScuTempOpen)
 <LI><a href="#[130]">scuVbat</a> from appserialcandavincibasecmd.o(i.scuVbat) referenced from appserialcandavincibasecmd.o(.constdata)
 <LI><a href="#[8c]">searchLastLogAddressSwTimerHandler</a> from apieventflashrom.o(i.searchLastLogAddressSwTimerHandler) referenced from apieventflashrom.o(i.apiEventLogOpen)
 <LI><a href="#[8c]">searchLastLogAddressSwTimerHandler</a> from apieventflashrom.o(i.searchLastLogAddressSwTimerHandler) referenced from apieventflashrom.o(i.searchLastLogAddressSwTimerHandler)
 <LI><a href="#[95]">setupPhysicalBalancePosition</a> from appbalance.o(i.setupPhysicalBalancePosition) referenced from appbalance.o(i.appBalanceCheckEvent)
 <LI><a href="#[93]">signalFeedbackSwTimerHandler</a> from apisignalfeedback.o(i.signalFeedbackSwTimerHandler) referenced from apisignalfeedback.o(i.apiSignalFeedbackOpen)
 <LI><a href="#[c4]">spi_master_w5500_event_handler</a> from smp_w5500_dma.o(i.spi_master_w5500_event_handler) referenced from smp_w5500_dma.o(i.smp_w5500_spi_config)
 <LI><a href="#[c1]">sysParSwTimerHandler</a> from apisyspar.o(i.sysParSwTimerHandler) referenced from apisyspar.o(i.resetSysParIdleCount)
 <LI><a href="#[c1]">sysParSwTimerHandler</a> from apisyspar.o(i.sysParSwTimerHandler) referenced from apisyspar.o(i.sysParSwTimerHandler)
 <LI><a href="#[149]">systemFlagCheckFinish</a> from apisystemflag.o(i.systemFlagCheckFinish) referenced from apisystemflag.o(.constdata)
 <LI><a href="#[94]">systemFlagSwTimerHandler</a> from apisystemflag.o(i.systemFlagSwTimerHandler) referenced from apisystemflag.o(i.apiSystemFlagOpen)
 <LI><a href="#[ae]">turnOnRelayProcess</a> from apirelaycontrol.o(i.turnOnRelayProcess) referenced from apirelaycontrol.o(i.checkRelayOn)
 <LI><a href="#[8f]">updatFwSwTimerHandler</a> from apifu.o(i.updatFwSwTimerHandler) referenced from apifu.o(i.apiFuUpdateFw)
 <LI><a href="#[8f]">updatFwSwTimerHandler</a> from apifu.o(i.updatFwSwTimerHandler) referenced from apifu.o(i.updatFwSwTimerHandler)
</UL>
<P>
<H3>
Global Symbols
</H3>
<P><STRONG><a name="[72]"></a>__main</STRONG> (Thumb, 0 bytes, Stack size unknown bytes, entry.o(.ARM.Collect$$$$00000000))
<BR>[Address Reference Count : 1]<UL><LI> startup_stm32l496xx.o(.text)
</UL>
<P><STRONG><a name="[44d]"></a>_main_stk</STRONG> (Thumb, 0 bytes, Stack size unknown bytes, entry2.o(.ARM.Collect$$$$00000001))

<P><STRONG><a name="[14a]"></a>_main_scatterload</STRONG> (Thumb, 0 bytes, Stack size unknown bytes, entry5.o(.ARM.Collect$$$$00000004))
<BR><BR>[Calls]<UL><LI><a href="#[14b]">&gt;&gt;</a>&nbsp;&nbsp;&nbsp;__scatterload
</UL>

<P><STRONG><a name="[162]"></a>__main_after_scatterload</STRONG> (Thumb, 0 bytes, Stack size unknown bytes, entry5.o(.ARM.Collect$$$$00000004))
<BR><BR>[Called By]<UL><LI><a href="#[14b]">&gt;&gt;</a>&nbsp;&nbsp;&nbsp;__scatterload
</UL>

<P><STRONG><a name="[44e]"></a>_main_clock</STRONG> (Thumb, 0 bytes, Stack size unknown bytes, entry7b.o(.ARM.Collect$$$$00000008))

<P><STRONG><a name="[44f]"></a>_main_cpp_init</STRONG> (Thumb, 0 bytes, Stack size unknown bytes, entry8b.o(.ARM.Collect$$$$0000000A))

<P><STRONG><a name="[450]"></a>_main_init</STRONG> (Thumb, 0 bytes, Stack size unknown bytes, entry9a.o(.ARM.Collect$$$$0000000B))

<P><STRONG><a name="[451]"></a>__rt_lib_shutdown_fini</STRONG> (Thumb, 0 bytes, Stack size unknown bytes, entry12b.o(.ARM.Collect$$$$0000000E))

<P><STRONG><a name="[452]"></a>__rt_final_cpp</STRONG> (Thumb, 0 bytes, Stack size unknown bytes, entry10a.o(.ARM.Collect$$$$0000000F))

<P><STRONG><a name="[453]"></a>__rt_final_exit</STRONG> (Thumb, 0 bytes, Stack size unknown bytes, entry11a.o(.ARM.Collect$$$$00000011))

<P><STRONG><a name="[c]"></a>Reset_Handler</STRONG> (Thumb, 8 bytes, Stack size 0 bytes, startup_stm32l496xx.o(.text))
<BR>[Address Reference Count : 1]<UL><LI> startup_stm32l496xx.o(RESET)
</UL>
<P><STRONG><a name="[d]"></a>NMI_Handler</STRONG> (Thumb, 2 bytes, Stack size 0 bytes, startup_stm32l496xx.o(.text))
<BR><BR>[Calls]<UL><LI><a href="#[d]">&gt;&gt;</a>&nbsp;&nbsp;&nbsp;NMI_Handler
</UL>
<BR>[Called By]<UL><LI><a href="#[d]">&gt;&gt;</a>&nbsp;&nbsp;&nbsp;NMI_Handler
</UL>
<BR>[Address Reference Count : 1]<UL><LI> startup_stm32l496xx.o(RESET)
</UL>
<P><STRONG><a name="[e]"></a>HardFault_Handler</STRONG> (Thumb, 2 bytes, Stack size 0 bytes, startup_stm32l496xx.o(.text))
<BR><BR>[Calls]<UL><LI><a href="#[e]">&gt;&gt;</a>&nbsp;&nbsp;&nbsp;HardFault_Handler
</UL>
<BR>[Called By]<UL><LI><a href="#[e]">&gt;&gt;</a>&nbsp;&nbsp;&nbsp;HardFault_Handler
</UL>
<BR>[Address Reference Count : 1]<UL><LI> startup_stm32l496xx.o(RESET)
</UL>
<P><STRONG><a name="[f]"></a>MemManage_Handler</STRONG> (Thumb, 2 bytes, Stack size 0 bytes, startup_stm32l496xx.o(.text))
<BR><BR>[Calls]<UL><LI><a href="#[f]">&gt;&gt;</a>&nbsp;&nbsp;&nbsp;MemManage_Handler
</UL>
<BR>[Called By]<UL><LI><a href="#[f]">&gt;&gt;</a>&nbsp;&nbsp;&nbsp;MemManage_Handler
</UL>
<BR>[Address Reference Count : 1]<UL><LI> startup_stm32l496xx.o(RESET)
</UL>
<P><STRONG><a name="[10]"></a>BusFault_Handler</STRONG> (Thumb, 2 bytes, Stack size 0 bytes, startup_stm32l496xx.o(.text))
<BR><BR>[Calls]<UL><LI><a href="#[10]">&gt;&gt;</a>&nbsp;&nbsp;&nbsp;BusFault_Handler
</UL>
<BR>[Called By]<UL><LI><a href="#[10]">&gt;&gt;</a>&nbsp;&nbsp;&nbsp;BusFault_Handler
</UL>
<BR>[Address Reference Count : 1]<UL><LI> startup_stm32l496xx.o(RESET)
</UL>
<P><STRONG><a name="[11]"></a>UsageFault_Handler</STRONG> (Thumb, 2 bytes, Stack size 0 bytes, startup_stm32l496xx.o(.text))
<BR><BR>[Calls]<UL><LI><a href="#[11]">&gt;&gt;</a>&nbsp;&nbsp;&nbsp;UsageFault_Handler
</UL>
<BR>[Called By]<UL><LI><a href="#[11]">&gt;&gt;</a>&nbsp;&nbsp;&nbsp;UsageFault_Handler
</UL>
<BR>[Address Reference Count : 1]<UL><LI> startup_stm32l496xx.o(RESET)
</UL>
<P><STRONG><a name="[12]"></a>SVC_Handler</STRONG> (Thumb, 2 bytes, Stack size 0 bytes, startup_stm32l496xx.o(.text))
<BR><BR>[Calls]<UL><LI><a href="#[12]">&gt;&gt;</a>&nbsp;&nbsp;&nbsp;SVC_Handler
</UL>
<BR>[Called By]<UL><LI><a href="#[12]">&gt;&gt;</a>&nbsp;&nbsp;&nbsp;SVC_Handler
</UL>
<BR>[Address Reference Count : 1]<UL><LI> startup_stm32l496xx.o(RESET)
</UL>
<P><STRONG><a name="[13]"></a>DebugMon_Handler</STRONG> (Thumb, 2 bytes, Stack size 0 bytes, startup_stm32l496xx.o(.text))
<BR><BR>[Calls]<UL><LI><a href="#[13]">&gt;&gt;</a>&nbsp;&nbsp;&nbsp;DebugMon_Handler
</UL>
<BR>[Called By]<UL><LI><a href="#[13]">&gt;&gt;</a>&nbsp;&nbsp;&nbsp;DebugMon_Handler
</UL>
<BR>[Address Reference Count : 1]<UL><LI> startup_stm32l496xx.o(RESET)
</UL>
<P><STRONG><a name="[14]"></a>PendSV_Handler</STRONG> (Thumb, 2 bytes, Stack size 0 bytes, startup_stm32l496xx.o(.text))
<BR><BR>[Calls]<UL><LI><a href="#[14]">&gt;&gt;</a>&nbsp;&nbsp;&nbsp;PendSV_Handler
</UL>
<BR>[Called By]<UL><LI><a href="#[14]">&gt;&gt;</a>&nbsp;&nbsp;&nbsp;PendSV_Handler
</UL>
<BR>[Address Reference Count : 1]<UL><LI> startup_stm32l496xx.o(RESET)
</UL>
<P><STRONG><a name="[28]"></a>ADC1_2_IRQHandler</STRONG> (Thumb, 0 bytes, Stack size 0 bytes, startup_stm32l496xx.o(.text))
<BR><BR>[Calls]<UL><LI><a href="#[28]">&gt;&gt;</a>&nbsp;&nbsp;&nbsp;ADC1_2_IRQHandler
</UL>
<BR>[Called By]<UL><LI><a href="#[28]">&gt;&gt;</a>&nbsp;&nbsp;&nbsp;ADC1_2_IRQHandler
</UL>
<BR>[Address Reference Count : 1]<UL><LI> startup_stm32l496xx.o(RESET)
</UL>
<P><STRONG><a name="[45]"></a>ADC3_IRQHandler</STRONG> (Thumb, 0 bytes, Stack size 0 bytes, startup_stm32l496xx.o(.text))
<BR>[Address Reference Count : 1]<UL><LI> startup_stm32l496xx.o(RESET)
</UL>
<P><STRONG><a name="[2b]"></a>CAN1_RX1_IRQHandler</STRONG> (Thumb, 0 bytes, Stack size 0 bytes, startup_stm32l496xx.o(.text))
<BR>[Address Reference Count : 1]<UL><LI> startup_stm32l496xx.o(RESET)
</UL>
<P><STRONG><a name="[2c]"></a>CAN1_SCE_IRQHandler</STRONG> (Thumb, 0 bytes, Stack size 0 bytes, startup_stm32l496xx.o(.text))
<BR>[Address Reference Count : 1]<UL><LI> startup_stm32l496xx.o(RESET)
</UL>
<P><STRONG><a name="[6d]"></a>CAN2_RX1_IRQHandler</STRONG> (Thumb, 0 bytes, Stack size 0 bytes, startup_stm32l496xx.o(.text))
<BR>[Address Reference Count : 1]<UL><LI> startup_stm32l496xx.o(RESET)
</UL>
<P><STRONG><a name="[6e]"></a>CAN2_SCE_IRQHandler</STRONG> (Thumb, 0 bytes, Stack size 0 bytes, startup_stm32l496xx.o(.text))
<BR>[Address Reference Count : 1]<UL><LI> startup_stm32l496xx.o(RESET)
</UL>
<P><STRONG><a name="[56]"></a>COMP_IRQHandler</STRONG> (Thumb, 0 bytes, Stack size 0 bytes, startup_stm32l496xx.o(.text))
<BR>[Address Reference Count : 1]<UL><LI> startup_stm32l496xx.o(RESET)
</UL>
<P><STRONG><a name="[67]"></a>CRS_IRQHandler</STRONG> (Thumb, 0 bytes, Stack size 0 bytes, startup_stm32l496xx.o(.text))
<BR>[Address Reference Count : 1]<UL><LI> startup_stm32l496xx.o(RESET)
</UL>
<P><STRONG><a name="[6a]"></a>DCMI_IRQHandler</STRONG> (Thumb, 0 bytes, Stack size 0 bytes, startup_stm32l496xx.o(.text))
<BR>[Address Reference Count : 1]<UL><LI> startup_stm32l496xx.o(RESET)
</UL>
<P><STRONG><a name="[53]"></a>DFSDM1_FLT0_IRQHandler</STRONG> (Thumb, 0 bytes, Stack size 0 bytes, startup_stm32l496xx.o(.text))
<BR>[Address Reference Count : 1]<UL><LI> startup_stm32l496xx.o(RESET)
</UL>
<P><STRONG><a name="[54]"></a>DFSDM1_FLT1_IRQHandler</STRONG> (Thumb, 0 bytes, Stack size 0 bytes, startup_stm32l496xx.o(.text))
<BR>[Address Reference Count : 1]<UL><LI> startup_stm32l496xx.o(RESET)
</UL>
<P><STRONG><a name="[55]"></a>DFSDM1_FLT2_IRQHandler</STRONG> (Thumb, 0 bytes, Stack size 0 bytes, startup_stm32l496xx.o(.text))
<BR>[Address Reference Count : 1]<UL><LI> startup_stm32l496xx.o(RESET)
</UL>
<P><STRONG><a name="[40]"></a>DFSDM1_FLT3_IRQHandler</STRONG> (Thumb, 0 bytes, Stack size 0 bytes, startup_stm32l496xx.o(.text))
<BR>[Address Reference Count : 1]<UL><LI> startup_stm32l496xx.o(RESET)
</UL>
<P><STRONG><a name="[26]"></a>DMA1_Channel6_IRQHandler</STRONG> (Thumb, 0 bytes, Stack size 0 bytes, startup_stm32l496xx.o(.text))
<BR>[Address Reference Count : 1]<UL><LI> startup_stm32l496xx.o(RESET)
</UL>
<P><STRONG><a name="[27]"></a>DMA1_Channel7_IRQHandler</STRONG> (Thumb, 0 bytes, Stack size 0 bytes, startup_stm32l496xx.o(.text))
<BR>[Address Reference Count : 1]<UL><LI> startup_stm32l496xx.o(RESET)
</UL>
<P><STRONG><a name="[6f]"></a>DMA2D_IRQHandler</STRONG> (Thumb, 0 bytes, Stack size 0 bytes, startup_stm32l496xx.o(.text))
<BR>[Address Reference Count : 1]<UL><LI> startup_stm32l496xx.o(RESET)
</UL>
<P><STRONG><a name="[51]"></a>DMA2_Channel4_IRQHandler</STRONG> (Thumb, 0 bytes, Stack size 0 bytes, startup_stm32l496xx.o(.text))
<BR>[Address Reference Count : 1]<UL><LI> startup_stm32l496xx.o(RESET)
</UL>
<P><STRONG><a name="[5a]"></a>DMA2_Channel6_IRQHandler</STRONG> (Thumb, 0 bytes, Stack size 0 bytes, startup_stm32l496xx.o(.text))
<BR>[Address Reference Count : 1]<UL><LI> startup_stm32l496xx.o(RESET)
</UL>
<P><STRONG><a name="[5b]"></a>DMA2_Channel7_IRQHandler</STRONG> (Thumb, 0 bytes, Stack size 0 bytes, startup_stm32l496xx.o(.text))
<BR>[Address Reference Count : 1]<UL><LI> startup_stm32l496xx.o(RESET)
</UL>
<P><STRONG><a name="[1c]"></a>EXTI0_IRQHandler</STRONG> (Thumb, 0 bytes, Stack size 0 bytes, startup_stm32l496xx.o(.text))
<BR>[Address Reference Count : 1]<UL><LI> startup_stm32l496xx.o(RESET)
</UL>
<P><STRONG><a name="[3e]"></a>EXTI15_10_IRQHandler</STRONG> (Thumb, 0 bytes, Stack size 0 bytes, startup_stm32l496xx.o(.text))
<BR>[Address Reference Count : 1]<UL><LI> startup_stm32l496xx.o(RESET)
</UL>
<P><STRONG><a name="[1d]"></a>EXTI1_IRQHandler</STRONG> (Thumb, 0 bytes, Stack size 0 bytes, startup_stm32l496xx.o(.text))
<BR>[Address Reference Count : 1]<UL><LI> startup_stm32l496xx.o(RESET)
</UL>
<P><STRONG><a name="[1e]"></a>EXTI2_IRQHandler</STRONG> (Thumb, 0 bytes, Stack size 0 bytes, startup_stm32l496xx.o(.text))
<BR>[Address Reference Count : 1]<UL><LI> startup_stm32l496xx.o(RESET)
</UL>
<P><STRONG><a name="[1f]"></a>EXTI3_IRQHandler</STRONG> (Thumb, 0 bytes, Stack size 0 bytes, startup_stm32l496xx.o(.text))
<BR>[Address Reference Count : 1]<UL><LI> startup_stm32l496xx.o(RESET)
</UL>
<P><STRONG><a name="[20]"></a>EXTI4_IRQHandler</STRONG> (Thumb, 0 bytes, Stack size 0 bytes, startup_stm32l496xx.o(.text))
<BR>[Address Reference Count : 1]<UL><LI> startup_stm32l496xx.o(RESET)
</UL>
<P><STRONG><a name="[1a]"></a>FLASH_IRQHandler</STRONG> (Thumb, 0 bytes, Stack size 0 bytes, startup_stm32l496xx.o(.text))
<BR>[Address Reference Count : 1]<UL><LI> startup_stm32l496xx.o(RESET)
</UL>
<P><STRONG><a name="[46]"></a>FMC_IRQHandler</STRONG> (Thumb, 0 bytes, Stack size 0 bytes, startup_stm32l496xx.o(.text))
<BR>[Address Reference Count : 1]<UL><LI> startup_stm32l496xx.o(RESET)
</UL>
<P><STRONG><a name="[66]"></a>FPU_IRQHandler</STRONG> (Thumb, 0 bytes, Stack size 0 bytes, startup_stm32l496xx.o(.text))
<BR>[Address Reference Count : 1]<UL><LI> startup_stm32l496xx.o(RESET)
</UL>
<P><STRONG><a name="[36]"></a>I2C1_ER_IRQHandler</STRONG> (Thumb, 0 bytes, Stack size 0 bytes, startup_stm32l496xx.o(.text))
<BR>[Address Reference Count : 1]<UL><LI> startup_stm32l496xx.o(RESET)
</UL>
<P><STRONG><a name="[35]"></a>I2C1_EV_IRQHandler</STRONG> (Thumb, 0 bytes, Stack size 0 bytes, startup_stm32l496xx.o(.text))
<BR>[Address Reference Count : 1]<UL><LI> startup_stm32l496xx.o(RESET)
</UL>
<P><STRONG><a name="[38]"></a>I2C2_ER_IRQHandler</STRONG> (Thumb, 0 bytes, Stack size 0 bytes, startup_stm32l496xx.o(.text))
<BR>[Address Reference Count : 1]<UL><LI> startup_stm32l496xx.o(RESET)
</UL>
<P><STRONG><a name="[37]"></a>I2C2_EV_IRQHandler</STRONG> (Thumb, 0 bytes, Stack size 0 bytes, startup_stm32l496xx.o(.text))
<BR>[Address Reference Count : 1]<UL><LI> startup_stm32l496xx.o(RESET)
</UL>
<P><STRONG><a name="[5f]"></a>I2C3_ER_IRQHandler</STRONG> (Thumb, 0 bytes, Stack size 0 bytes, startup_stm32l496xx.o(.text))
<BR>[Address Reference Count : 1]<UL><LI> startup_stm32l496xx.o(RESET)
</UL>
<P><STRONG><a name="[5e]"></a>I2C3_EV_IRQHandler</STRONG> (Thumb, 0 bytes, Stack size 0 bytes, startup_stm32l496xx.o(.text))
<BR>[Address Reference Count : 1]<UL><LI> startup_stm32l496xx.o(RESET)
</UL>
<P><STRONG><a name="[69]"></a>I2C4_ER_IRQHandler</STRONG> (Thumb, 0 bytes, Stack size 0 bytes, startup_stm32l496xx.o(.text))
<BR>[Address Reference Count : 1]<UL><LI> startup_stm32l496xx.o(RESET)
</UL>
<P><STRONG><a name="[68]"></a>I2C4_EV_IRQHandler</STRONG> (Thumb, 0 bytes, Stack size 0 bytes, startup_stm32l496xx.o(.text))
<BR>[Address Reference Count : 1]<UL><LI> startup_stm32l496xx.o(RESET)
</UL>
<P><STRONG><a name="[64]"></a>LCD_IRQHandler</STRONG> (Thumb, 0 bytes, Stack size 0 bytes, startup_stm32l496xx.o(.text))
<BR>[Address Reference Count : 1]<UL><LI> startup_stm32l496xx.o(RESET)
</UL>
<P><STRONG><a name="[57]"></a>LPTIM1_IRQHandler</STRONG> (Thumb, 0 bytes, Stack size 0 bytes, startup_stm32l496xx.o(.text))
<BR>[Address Reference Count : 1]<UL><LI> startup_stm32l496xx.o(RESET)
</UL>
<P><STRONG><a name="[58]"></a>LPTIM2_IRQHandler</STRONG> (Thumb, 0 bytes, Stack size 0 bytes, startup_stm32l496xx.o(.text))
<BR>[Address Reference Count : 1]<UL><LI> startup_stm32l496xx.o(RESET)
</UL>
<P><STRONG><a name="[5c]"></a>LPUART1_IRQHandler</STRONG> (Thumb, 0 bytes, Stack size 0 bytes, startup_stm32l496xx.o(.text))
<BR>[Address Reference Count : 1]<UL><LI> startup_stm32l496xx.o(RESET)
</UL>
<P><STRONG><a name="[59]"></a>OTG_FS_IRQHandler</STRONG> (Thumb, 0 bytes, Stack size 0 bytes, startup_stm32l496xx.o(.text))
<BR>[Address Reference Count : 1]<UL><LI> startup_stm32l496xx.o(RESET)
</UL>
<P><STRONG><a name="[17]"></a>PVD_PVM_IRQHandler</STRONG> (Thumb, 0 bytes, Stack size 0 bytes, startup_stm32l496xx.o(.text))
<BR>[Address Reference Count : 1]<UL><LI> startup_stm32l496xx.o(RESET)
</UL>
<P><STRONG><a name="[5d]"></a>QUADSPI_IRQHandler</STRONG> (Thumb, 0 bytes, Stack size 0 bytes, startup_stm32l496xx.o(.text))
<BR>[Address Reference Count : 1]<UL><LI> startup_stm32l496xx.o(RESET)
</UL>
<P><STRONG><a name="[1b]"></a>RCC_IRQHandler</STRONG> (Thumb, 0 bytes, Stack size 0 bytes, startup_stm32l496xx.o(.text))
<BR>[Address Reference Count : 1]<UL><LI> startup_stm32l496xx.o(RESET)
</UL>
<P><STRONG><a name="[65]"></a>RNG_IRQHandler</STRONG> (Thumb, 0 bytes, Stack size 0 bytes, startup_stm32l496xx.o(.text))
<BR>[Address Reference Count : 1]<UL><LI> startup_stm32l496xx.o(RESET)
</UL>
<P><STRONG><a name="[3f]"></a>RTC_Alarm_IRQHandler</STRONG> (Thumb, 0 bytes, Stack size 0 bytes, startup_stm32l496xx.o(.text))
<BR>[Address Reference Count : 1]<UL><LI> startup_stm32l496xx.o(RESET)
</UL>
<P><STRONG><a name="[19]"></a>RTC_WKUP_IRQHandler</STRONG> (Thumb, 0 bytes, Stack size 0 bytes, startup_stm32l496xx.o(.text))
<BR>[Address Reference Count : 1]<UL><LI> startup_stm32l496xx.o(RESET)
</UL>
<P><STRONG><a name="[60]"></a>SAI1_IRQHandler</STRONG> (Thumb, 0 bytes, Stack size 0 bytes, startup_stm32l496xx.o(.text))
<BR>[Address Reference Count : 1]<UL><LI> startup_stm32l496xx.o(RESET)
</UL>
<P><STRONG><a name="[61]"></a>SAI2_IRQHandler</STRONG> (Thumb, 0 bytes, Stack size 0 bytes, startup_stm32l496xx.o(.text))
<BR>[Address Reference Count : 1]<UL><LI> startup_stm32l496xx.o(RESET)
</UL>
<P><STRONG><a name="[47]"></a>SDMMC1_IRQHandler</STRONG> (Thumb, 0 bytes, Stack size 0 bytes, startup_stm32l496xx.o(.text))
<BR>[Address Reference Count : 1]<UL><LI> startup_stm32l496xx.o(RESET)
</UL>
<P><STRONG><a name="[39]"></a>SPI1_IRQHandler</STRONG> (Thumb, 0 bytes, Stack size 0 bytes, startup_stm32l496xx.o(.text))
<BR>[Address Reference Count : 1]<UL><LI> startup_stm32l496xx.o(RESET)
</UL>
<P><STRONG><a name="[3a]"></a>SPI2_IRQHandler</STRONG> (Thumb, 0 bytes, Stack size 0 bytes, startup_stm32l496xx.o(.text))
<BR>[Address Reference Count : 1]<UL><LI> startup_stm32l496xx.o(RESET)
</UL>
<P><STRONG><a name="[49]"></a>SPI3_IRQHandler</STRONG> (Thumb, 0 bytes, Stack size 0 bytes, startup_stm32l496xx.o(.text))
<BR>[Address Reference Count : 1]<UL><LI> startup_stm32l496xx.o(RESET)
</UL>
<P><STRONG><a name="[62]"></a>SWPMI1_IRQHandler</STRONG> (Thumb, 0 bytes, Stack size 0 bytes, startup_stm32l496xx.o(.text))
<BR>[Address Reference Count : 1]<UL><LI> startup_stm32l496xx.o(RESET)
</UL>
<P><STRONG><a name="[18]"></a>TAMP_STAMP_IRQHandler</STRONG> (Thumb, 0 bytes, Stack size 0 bytes, startup_stm32l496xx.o(.text))
<BR>[Address Reference Count : 1]<UL><LI> startup_stm32l496xx.o(RESET)
</UL>
<P><STRONG><a name="[2e]"></a>TIM1_BRK_TIM15_IRQHandler</STRONG> (Thumb, 0 bytes, Stack size 0 bytes, startup_stm32l496xx.o(.text))
<BR>[Address Reference Count : 1]<UL><LI> startup_stm32l496xx.o(RESET)
</UL>
<P><STRONG><a name="[31]"></a>TIM1_CC_IRQHandler</STRONG> (Thumb, 0 bytes, Stack size 0 bytes, startup_stm32l496xx.o(.text))
<BR>[Address Reference Count : 1]<UL><LI> startup_stm32l496xx.o(RESET)
</UL>
<P><STRONG><a name="[30]"></a>TIM1_TRG_COM_TIM17_IRQHandler</STRONG> (Thumb, 0 bytes, Stack size 0 bytes, startup_stm32l496xx.o(.text))
<BR>[Address Reference Count : 1]<UL><LI> startup_stm32l496xx.o(RESET)
</UL>
<P><STRONG><a name="[2f]"></a>TIM1_UP_TIM16_IRQHandler</STRONG> (Thumb, 0 bytes, Stack size 0 bytes, startup_stm32l496xx.o(.text))
<BR>[Address Reference Count : 1]<UL><LI> startup_stm32l496xx.o(RESET)
</UL>
<P><STRONG><a name="[32]"></a>TIM2_IRQHandler</STRONG> (Thumb, 0 bytes, Stack size 0 bytes, startup_stm32l496xx.o(.text))
<BR>[Address Reference Count : 1]<UL><LI> startup_stm32l496xx.o(RESET)
</UL>
<P><STRONG><a name="[34]"></a>TIM4_IRQHandler</STRONG> (Thumb, 0 bytes, Stack size 0 bytes, startup_stm32l496xx.o(.text))
<BR>[Address Reference Count : 1]<UL><LI> startup_stm32l496xx.o(RESET)
</UL>
<P><STRONG><a name="[48]"></a>TIM5_IRQHandler</STRONG> (Thumb, 0 bytes, Stack size 0 bytes, startup_stm32l496xx.o(.text))
<BR>[Address Reference Count : 1]<UL><LI> startup_stm32l496xx.o(RESET)
</UL>
<P><STRONG><a name="[4c]"></a>TIM6_DAC_IRQHandler</STRONG> (Thumb, 0 bytes, Stack size 0 bytes, startup_stm32l496xx.o(.text))
<BR>[Address Reference Count : 1]<UL><LI> startup_stm32l496xx.o(RESET)
</UL>
<P><STRONG><a name="[4d]"></a>TIM7_IRQHandler</STRONG> (Thumb, 0 bytes, Stack size 0 bytes, startup_stm32l496xx.o(.text))
<BR>[Address Reference Count : 1]<UL><LI> startup_stm32l496xx.o(RESET)
</UL>
<P><STRONG><a name="[41]"></a>TIM8_BRK_IRQHandler</STRONG> (Thumb, 0 bytes, Stack size 0 bytes, startup_stm32l496xx.o(.text))
<BR>[Address Reference Count : 1]<UL><LI> startup_stm32l496xx.o(RESET)
</UL>
<P><STRONG><a name="[44]"></a>TIM8_CC_IRQHandler</STRONG> (Thumb, 0 bytes, Stack size 0 bytes, startup_stm32l496xx.o(.text))
<BR>[Address Reference Count : 1]<UL><LI> startup_stm32l496xx.o(RESET)
</UL>
<P><STRONG><a name="[43]"></a>TIM8_TRG_COM_IRQHandler</STRONG> (Thumb, 0 bytes, Stack size 0 bytes, startup_stm32l496xx.o(.text))
<BR>[Address Reference Count : 1]<UL><LI> startup_stm32l496xx.o(RESET)
</UL>
<P><STRONG><a name="[42]"></a>TIM8_UP_IRQHandler</STRONG> (Thumb, 0 bytes, Stack size 0 bytes, startup_stm32l496xx.o(.text))
<BR>[Address Reference Count : 1]<UL><LI> startup_stm32l496xx.o(RESET)
</UL>
<P><STRONG><a name="[63]"></a>TSC_IRQHandler</STRONG> (Thumb, 0 bytes, Stack size 0 bytes, startup_stm32l496xx.o(.text))
<BR>[Address Reference Count : 1]<UL><LI> startup_stm32l496xx.o(RESET)
</UL>
<P><STRONG><a name="[4b]"></a>UART5_IRQHandler</STRONG> (Thumb, 0 bytes, Stack size 0 bytes, startup_stm32l496xx.o(.text))
<BR>[Address Reference Count : 1]<UL><LI> startup_stm32l496xx.o(RESET)
</UL>
<P><STRONG><a name="[3b]"></a>USART1_IRQHandler</STRONG> (Thumb, 0 bytes, Stack size 0 bytes, startup_stm32l496xx.o(.text))
<BR>[Address Reference Count : 1]<UL><LI> startup_stm32l496xx.o(RESET)
</UL>
<P><STRONG><a name="[3c]"></a>USART2_IRQHandler</STRONG> (Thumb, 0 bytes, Stack size 0 bytes, startup_stm32l496xx.o(.text))
<BR>[Address Reference Count : 1]<UL><LI> startup_stm32l496xx.o(RESET)
</UL>
<P><STRONG><a name="[16]"></a>WWDG_IRQHandler</STRONG> (Thumb, 0 bytes, Stack size 0 bytes, startup_stm32l496xx.o(.text))
<BR>[Address Reference Count : 1]<UL><LI> startup_stm32l496xx.o(RESET)
</UL>
<P><STRONG><a name="[14c]"></a>__aeabi_uldivmod</STRONG> (Thumb, 98 bytes, Stack size 40 bytes, uldiv.o(.text))
<BR><BR>[Stack]<UL><LI>Max Depth = 40<LI>Call Chain = __aeabi_uldivmod
</UL>
<BR>[Calls]<UL><LI><a href="#[14d]">&gt;&gt;</a>&nbsp;&nbsp;&nbsp;__aeabi_llsr
<LI><a href="#[14e]">&gt;&gt;</a>&nbsp;&nbsp;&nbsp;__aeabi_llsl
</UL>
<BR>[Called By]<UL><LI><a href="#[36d]">&gt;&gt;</a>&nbsp;&nbsp;&nbsp;appScuGaugeUpdateQmax
<LI><a href="#[34f]">&gt;&gt;</a>&nbsp;&nbsp;&nbsp;appScuGaugeCvtRmTomAh
<LI><a href="#[3ed]">&gt;&gt;</a>&nbsp;&nbsp;&nbsp;saveTotalDischargeCountToRam
<LI><a href="#[35b]">&gt;&gt;</a>&nbsp;&nbsp;&nbsp;gaugeSetRmAndFcc
<LI><a href="#[267]">&gt;&gt;</a>&nbsp;&nbsp;&nbsp;UART_SetConfig
<LI><a href="#[2d2]">&gt;&gt;</a>&nbsp;&nbsp;&nbsp;_printf_core
<LI><a href="#[2dd]">&gt;&gt;</a>&nbsp;&nbsp;&nbsp;_fp_digits
<LI><a href="#[14f]">&gt;&gt;</a>&nbsp;&nbsp;&nbsp;__aeabi_ldivmod
</UL>

<P><STRONG><a name="[14f]"></a>__aeabi_ldivmod</STRONG> (Thumb, 98 bytes, Stack size 24 bytes, ldiv.o(.text))
<BR><BR>[Stack]<UL><LI>Max Depth = 64<LI>Call Chain = __aeabi_ldivmod &rArr; __aeabi_uldivmod
</UL>
<BR>[Calls]<UL><LI><a href="#[14c]">&gt;&gt;</a>&nbsp;&nbsp;&nbsp;__aeabi_uldivmod
</UL>
<BR>[Called By]<UL><LI><a href="#[179]">&gt;&gt;</a>&nbsp;&nbsp;&nbsp;CvtRaPassChargeTomAh
<LI><a href="#[178]">&gt;&gt;</a>&nbsp;&nbsp;&nbsp;CvtQmaxPassChargeTomAh
</UL>

<P><STRONG><a name="[21f]"></a>__aeabi_memcpy</STRONG> (Thumb, 36 bytes, Stack size 0 bytes, memcpya.o(.text))
<BR><BR>[Called By]<UL><LI><a href="#[181]">&gt;&gt;</a>&nbsp;&nbsp;&nbsp;appSerialCanDavinciSendTextMessage
<LI><a href="#[aa]">&gt;&gt;</a>&nbsp;&nbsp;&nbsp;app_sector_header_event_handler
<LI><a href="#[214]">&gt;&gt;</a>&nbsp;&nbsp;&nbsp;HAL_CAN_RxFifo0MsgPendingCallback
<LI><a href="#[2af]">&gt;&gt;</a>&nbsp;&nbsp;&nbsp;_WriteNoCheck
<LI><a href="#[2b0]">&gt;&gt;</a>&nbsp;&nbsp;&nbsp;_WriteBlocking
</UL>

<P><STRONG><a name="[171]"></a>__aeabi_memcpy4</STRONG> (Thumb, 0 bytes, Stack size 0 bytes, memcpya.o(.text))
<BR><BR>[Called By]<UL><LI><a href="#[3e0]">&gt;&gt;</a>&nbsp;&nbsp;&nbsp;drv_bq796xx_init_default_load
<LI><a href="#[2f2]">&gt;&gt;</a>&nbsp;&nbsp;&nbsp;apiIRMonitoringOpen
<LI><a href="#[2a1]">&gt;&gt;</a>&nbsp;&nbsp;&nbsp;MX25L_SPI_send_command
<LI><a href="#[70]">&gt;&gt;</a>&nbsp;&nbsp;&nbsp;main
<LI><a href="#[170]">&gt;&gt;</a>&nbsp;&nbsp;&nbsp;CheckTerminateSocUseRa
<LI><a href="#[42d]">&gt;&gt;</a>&nbsp;&nbsp;&nbsp;setDefaultRaTable
<LI><a href="#[42c]">&gt;&gt;</a>&nbsp;&nbsp;&nbsp;setDefaultOcvTable
<LI><a href="#[32a]">&gt;&gt;</a>&nbsp;&nbsp;&nbsp;loadSysPar
<LI><a href="#[32c]">&gt;&gt;</a>&nbsp;&nbsp;&nbsp;loadScuIdPar
<LI><a href="#[32b]">&gt;&gt;</a>&nbsp;&nbsp;&nbsp;loadCalPar
<LI><a href="#[328]">&gt;&gt;</a>&nbsp;&nbsp;&nbsp;loadBatteryInfoPar
<LI><a href="#[287]">&gt;&gt;</a>&nbsp;&nbsp;&nbsp;IRMonitoringMeasure_Steps
<LI><a href="#[2a4]">&gt;&gt;</a>&nbsp;&nbsp;&nbsp;smp_fifo_flash_read
<LI><a href="#[43a]">&gt;&gt;</a>&nbsp;&nbsp;&nbsp;smp_fifo_flash_push
<LI><a href="#[2a0]">&gt;&gt;</a>&nbsp;&nbsp;&nbsp;smp_fifo_flash_pop
<LI><a href="#[441]">&gt;&gt;</a>&nbsp;&nbsp;&nbsp;smp_spi_master_send_recv_blocking
<LI><a href="#[2a5]">&gt;&gt;</a>&nbsp;&nbsp;&nbsp;smp_spi_master_send_recv
</UL>

<P><STRONG><a name="[454]"></a>__aeabi_memcpy8</STRONG> (Thumb, 0 bytes, Stack size 0 bytes, memcpya.o(.text), UNUSED)

<P><STRONG><a name="[151]"></a>__aeabi_memset</STRONG> (Thumb, 14 bytes, Stack size 0 bytes, memseta.o(.text))
<BR><BR>[Called By]<UL><LI><a href="#[387]">&gt;&gt;</a>&nbsp;&nbsp;&nbsp;app_flash_log_managment_init
<LI><a href="#[383]">&gt;&gt;</a>&nbsp;&nbsp;&nbsp;app_flash_log_managment_clean_reflash_memory
<LI><a href="#[384]">&gt;&gt;</a>&nbsp;&nbsp;&nbsp;app_flash_log_managment_clean_fix_memory
<LI><a href="#[152]">&gt;&gt;</a>&nbsp;&nbsp;&nbsp;_memset$wrapper
<LI><a href="#[150]">&gt;&gt;</a>&nbsp;&nbsp;&nbsp;__aeabi_memclr
</UL>

<P><STRONG><a name="[455]"></a>__aeabi_memset4</STRONG> (Thumb, 0 bytes, Stack size 0 bytes, memseta.o(.text), UNUSED)

<P><STRONG><a name="[456]"></a>__aeabi_memset8</STRONG> (Thumb, 0 bytes, Stack size 0 bytes, memseta.o(.text), UNUSED)

<P><STRONG><a name="[150]"></a>__aeabi_memclr</STRONG> (Thumb, 4 bytes, Stack size 0 bytes, memseta.o(.text), UNUSED)
<BR><BR>[Calls]<UL><LI><a href="#[151]">&gt;&gt;</a>&nbsp;&nbsp;&nbsp;__aeabi_memset
</UL>

<P><STRONG><a name="[206]"></a>__aeabi_memclr4</STRONG> (Thumb, 0 bytes, Stack size 0 bytes, memseta.o(.text))
<BR><BR>[Called By]<UL><LI><a href="#[324]">&gt;&gt;</a>&nbsp;&nbsp;&nbsp;smp_adc_adc_para_init
<LI><a href="#[2bf]">&gt;&gt;</a>&nbsp;&nbsp;&nbsp;SystemClock_Config_HSE_80MHz
<LI><a href="#[95]">&gt;&gt;</a>&nbsp;&nbsp;&nbsp;setupPhysicalBalancePosition
<LI><a href="#[33b]">&gt;&gt;</a>&nbsp;&nbsp;&nbsp;appBalanceClearAllFlag
<LI><a href="#[342]">&gt;&gt;</a>&nbsp;&nbsp;&nbsp;appBmsOpen
<LI><a href="#[2f0]">&gt;&gt;</a>&nbsp;&nbsp;&nbsp;apiFuStartUp
<LI><a href="#[438]">&gt;&gt;</a>&nbsp;&nbsp;&nbsp;smp_fifo_flash_clean
<LI><a href="#[246]">&gt;&gt;</a>&nbsp;&nbsp;&nbsp;HAL_SPI_MspInit
<LI><a href="#[205]">&gt;&gt;</a>&nbsp;&nbsp;&nbsp;HAL_ADC_MspInit
<LI><a href="#[266]">&gt;&gt;</a>&nbsp;&nbsp;&nbsp;HAL_UART_MspInit
<LI><a href="#[286]">&gt;&gt;</a>&nbsp;&nbsp;&nbsp;smp_w5500_spi_config
</UL>

<P><STRONG><a name="[457]"></a>__aeabi_memclr8</STRONG> (Thumb, 0 bytes, Stack size 0 bytes, memseta.o(.text), UNUSED)

<P><STRONG><a name="[152]"></a>_memset$wrapper</STRONG> (Thumb, 18 bytes, Stack size 8 bytes, memseta.o(.text), UNUSED)
<BR><BR>[Calls]<UL><LI><a href="#[151]">&gt;&gt;</a>&nbsp;&nbsp;&nbsp;__aeabi_memset
</UL>

<P><STRONG><a name="[3e3]"></a>strcat</STRONG> (Thumb, 24 bytes, Stack size 0 bytes, strcat.o(.text))
<BR><BR>[Called By]<UL><LI><a href="#[396]">&gt;&gt;</a>&nbsp;&nbsp;&nbsp;dump_danpackage
</UL>

<P><STRONG><a name="[1c5]"></a>strlen</STRONG> (Thumb, 14 bytes, Stack size 0 bytes, strlen.o(.text))
<BR><BR>[Called By]<UL><LI><a href="#[380]">&gt;&gt;</a>&nbsp;&nbsp;&nbsp;appSerialUartSendMessage
<LI><a href="#[181]">&gt;&gt;</a>&nbsp;&nbsp;&nbsp;appSerialCanDavinciSendTextMessage
<LI><a href="#[109]">&gt;&gt;</a>&nbsp;&nbsp;&nbsp;DavinciCanParameterNoteMessage
</UL>

<P><STRONG><a name="[183]"></a>memcmp</STRONG> (Thumb, 26 bytes, Stack size 12 bytes, memcmp.o(.text))
<BR><BR>[Stack]<UL><LI>Max Depth = 12<LI>Call Chain = memcmp
</UL>
<BR>[Called By]<UL><LI><a href="#[123]">&gt;&gt;</a>&nbsp;&nbsp;&nbsp;DavinciCanDebugModeChange
<LI><a href="#[121]">&gt;&gt;</a>&nbsp;&nbsp;&nbsp;DavinciCommonStopScuIdRequest
<LI><a href="#[120]">&gt;&gt;</a>&nbsp;&nbsp;&nbsp;DavinciCommonStopScuIdAssign
<LI><a href="#[11f]">&gt;&gt;</a>&nbsp;&nbsp;&nbsp;DavinciCommonSetScuId
<LI><a href="#[122]">&gt;&gt;</a>&nbsp;&nbsp;&nbsp;DavinciCommonResetScuId
<LI><a href="#[11e]">&gt;&gt;</a>&nbsp;&nbsp;&nbsp;DavinciCommonRequestScuId
<LI><a href="#[fa]">&gt;&gt;</a>&nbsp;&nbsp;&nbsp;DavinciParameterMagicCode
<LI><a href="#[f9]">&gt;&gt;</a>&nbsp;&nbsp;&nbsp;davinciCanSoc
<LI><a href="#[f4]">&gt;&gt;</a>&nbsp;&nbsp;&nbsp;davinciCanRelayOn
<LI><a href="#[32a]">&gt;&gt;</a>&nbsp;&nbsp;&nbsp;loadSysPar
<LI><a href="#[32c]">&gt;&gt;</a>&nbsp;&nbsp;&nbsp;loadScuIdPar
<LI><a href="#[32b]">&gt;&gt;</a>&nbsp;&nbsp;&nbsp;loadCalPar
<LI><a href="#[328]">&gt;&gt;</a>&nbsp;&nbsp;&nbsp;loadBatteryInfoPar
<LI><a href="#[19a]">&gt;&gt;</a>&nbsp;&nbsp;&nbsp;decodeFuInfoPackage
<LI><a href="#[39b]">&gt;&gt;</a>&nbsp;&nbsp;&nbsp;isCorrectFwCodeHead2
<LI><a href="#[39a]">&gt;&gt;</a>&nbsp;&nbsp;&nbsp;isCorrectFwCodeHead1
<LI><a href="#[2c5]">&gt;&gt;</a>&nbsp;&nbsp;&nbsp;W5500_Init_Step
</UL>

<P><STRONG><a name="[2ce]"></a>strcpy</STRONG> (Thumb, 18 bytes, Stack size 0 bytes, strcpy.o(.text))
<BR><BR>[Called By]<UL><LI><a href="#[2ab]">&gt;&gt;</a>&nbsp;&nbsp;&nbsp;_DoInit
</UL>

<P><STRONG><a name="[153]"></a>__aeabi_dadd</STRONG> (Thumb, 322 bytes, Stack size 48 bytes, dadd.o(.text))
<BR><BR>[Stack]<UL><LI>Max Depth = 88<LI>Call Chain = __aeabi_dadd &rArr; _double_epilogue &rArr; _double_round
</UL>
<BR>[Calls]<UL><LI><a href="#[154]">&gt;&gt;</a>&nbsp;&nbsp;&nbsp;__aeabi_lasr
<LI><a href="#[14e]">&gt;&gt;</a>&nbsp;&nbsp;&nbsp;__aeabi_llsl
<LI><a href="#[156]">&gt;&gt;</a>&nbsp;&nbsp;&nbsp;_double_round
<LI><a href="#[155]">&gt;&gt;</a>&nbsp;&nbsp;&nbsp;_double_epilogue
</UL>
<BR>[Called By]<UL><LI><a href="#[3e4]">&gt;&gt;</a>&nbsp;&nbsp;&nbsp;gaugeCalAvgCurrent
<LI><a href="#[157]">&gt;&gt;</a>&nbsp;&nbsp;&nbsp;__aeabi_dsub
<LI><a href="#[188]">&gt;&gt;</a>&nbsp;&nbsp;&nbsp;LibTemperatureToVoltage
<LI><a href="#[158]">&gt;&gt;</a>&nbsp;&nbsp;&nbsp;__aeabi_drsub
<LI><a href="#[295]">&gt;&gt;</a>&nbsp;&nbsp;&nbsp;LibNtcRToTemperature
<LI><a href="#[2d8]">&gt;&gt;</a>&nbsp;&nbsp;&nbsp;__kernel_poly
<LI><a href="#[2d4]">&gt;&gt;</a>&nbsp;&nbsp;&nbsp;__mathlib_dbl_infnan
[...]
<BR><BR>[Called By]<UL><LI><a href="#[1fc]">&gt;&gt;</a>&nbsp;&nbsp;&nbsp;HAL_ADCEx_MultiModeConfigChannel
</UL>

<P><STRONG><a name="[223]"></a>DMA_SetConfig</STRONG> (Thumb, 48 bytes, Stack size 12 bytes, stm32l4xx_hal_dma.o(i.DMA_SetConfig))
<BR><BR>[Stack]<UL><LI>Max Depth = 12<LI>Call Chain = DMA_SetConfig
</UL>
<BR>[Called By]<UL><LI><a href="#[20c]">&gt;&gt;</a>&nbsp;&nbsp;&nbsp;HAL_DMA_Start_IT
</UL>

<P><STRONG><a name="[22a]"></a>FLASH_Program_DoubleWord</STRONG> (Thumb, 22 bytes, Stack size 8 bytes, stm32l4xx_hal_flash.o(i.FLASH_Program_DoubleWord))
<BR><BR>[Stack]<UL><LI>Max Depth = 8<LI>Call Chain = FLASH_Program_DoubleWord
</UL>
<BR>[Called By]<UL><LI><a href="#[229]">&gt;&gt;</a>&nbsp;&nbsp;&nbsp;HAL_FLASH_Program
</UL>

<P><STRONG><a name="[22b]"></a>FLASH_Program_Fast</STRONG> (Thumb, 38 bytes, Stack size 8 bytes, stm32l4xx_hal_flash.o(i.FLASH_Program_Fast))
<BR><BR>[Stack]<UL><LI>Max Depth = 8<LI>Call Chain = FLASH_Program_Fast
</UL>
<BR>[Called By]<UL><LI><a href="#[229]">&gt;&gt;</a>&nbsp;&nbsp;&nbsp;HAL_FLASH_Program
</UL>

<P><STRONG><a name="[226]"></a>FLASH_MassErase</STRONG> (Thumb, 36 bytes, Stack size 0 bytes, stm32l4xx_hal_flash_ex.o(i.FLASH_MassErase))
<BR><BR>[Called By]<UL><LI><a href="#[225]">&gt;&gt;</a>&nbsp;&nbsp;&nbsp;HAL_FLASHEx_Erase
</UL>

<P><STRONG><a name="[79]"></a>SPI_DMAError</STRONG> (Thumb, 34 bytes, Stack size 8 bytes, stm32l4xx_hal_spi.o(i.SPI_DMAError))
<BR><BR>[Stack]<UL><LI>Max Depth = 8<LI>Call Chain = SPI_DMAError
</UL>
<BR>[Calls]<UL><LI><a href="#[2b6]">&gt;&gt;</a>&nbsp;&nbsp;&nbsp;HAL_SPI_ErrorCallback
</UL>
<BR>[Address Reference Count : 3]<UL><LI> stm32l4xx_hal_spi.o(i.HAL_SPI_Receive_DMA)
<LI> stm32l4xx_hal_spi.o(i.HAL_SPI_TransmitReceive_DMA)
<LI> stm32l4xx_hal_spi.o(i.HAL_SPI_Transmit_DMA)
</UL>
<P><STRONG><a name="[77]"></a>SPI_DMAHalfReceiveCplt</STRONG> (Thumb, 10 bytes, Stack size 8 bytes, stm32l4xx_hal_spi.o(i.SPI_DMAHalfReceiveCplt))
<BR><BR>[Stack]<UL><LI>Max Depth = 8<LI>Call Chain = SPI_DMAHalfReceiveCplt
</UL>
<BR>[Calls]<UL><LI><a href="#[2b7]">&gt;&gt;</a>&nbsp;&nbsp;&nbsp;HAL_SPI_RxHalfCpltCallback
</UL>
<BR>[Address Reference Count : 2]<UL><LI> stm32l4xx_hal_spi.o(i.HAL_SPI_Receive_DMA)
<LI> stm32l4xx_hal_spi.o(i.HAL_SPI_TransmitReceive_DMA)
</UL>
<P><STRONG><a name="[7c]"></a>SPI_DMAHalfTransmitCplt</STRONG> (Thumb, 10 bytes, Stack size 8 bytes, stm32l4xx_hal_spi.o(i.SPI_DMAHalfTransmitCplt))
<BR><BR>[Stack]<UL><LI>Max Depth = 8<LI>Call Chain = SPI_DMAHalfTransmitCplt
</UL>
<BR>[Calls]<UL><LI><a href="#[2b8]">&gt;&gt;</a>&nbsp;&nbsp;&nbsp;HAL_SPI_TxHalfCpltCallback
</UL>
<BR>[Address Reference Count : 1]<UL><LI> stm32l4xx_hal_spi.o(i.HAL_SPI_Transmit_DMA)
</UL>
<P><STRONG><a name="[7a]"></a>SPI_DMAHalfTransmitReceiveCplt</STRONG> (Thumb, 10 bytes, Stack size 8 bytes, stm32l4xx_hal_spi.o(i.SPI_DMAHalfTransmitReceiveCplt))
<BR><BR>[Stack]<UL><LI>Max Depth = 8<LI>Call Chain = SPI_DMAHalfTransmitReceiveCplt
</UL>
<BR>[Calls]<UL><LI><a href="#[2b9]">&gt;&gt;</a>&nbsp;&nbsp;&nbsp;HAL_SPI_TxRxHalfCpltCallback
</UL>
<BR>[Address Reference Count : 1]<UL><LI> stm32l4xx_hal_spi.o(i.HAL_SPI_TransmitReceive_DMA)
</UL>
<P><STRONG><a name="[78]"></a>SPI_DMAReceiveCplt</STRONG> (Thumb, 230 bytes, Stack size 32 bytes, stm32l4xx_hal_spi.o(i.SPI_DMAReceiveCplt))
<BR><BR>[Stack]<UL><LI>Max Depth = 104<LI>Call Chain = SPI_DMAReceiveCplt &rArr; SPI_EndRxTransaction &rArr; SPI_WaitFifoStateUntilTimeout
</UL>
<BR>[Calls]<UL><LI><a href="#[169]">&gt;&gt;</a>&nbsp;&nbsp;&nbsp;HAL_GetTick
<LI><a href="#[2ba]">&gt;&gt;</a>&nbsp;&nbsp;&nbsp;HAL_SPI_RxCpltCallback
<LI><a href="#[249]">&gt;&gt;</a>&nbsp;&nbsp;&nbsp;SPI_WaitFlagStateUntilTimeout
<LI><a href="#[24a]">&gt;&gt;</a>&nbsp;&nbsp;&nbsp;SPI_EndRxTransaction
<LI><a href="#[2b6]">&gt;&gt;</a>&nbsp;&nbsp;&nbsp;HAL_SPI_ErrorCallback
</UL>
<BR>[Address Reference Count : 2]<UL><LI> stm32l4xx_hal_spi.o(i.HAL_SPI_Receive_DMA)
<LI> stm32l4xx_hal_spi.o(i.HAL_SPI_TransmitReceive_DMA)
</UL>
<P><STRONG><a name="[7d]"></a>SPI_DMATransmitCplt</STRONG> (Thumb, 100 bytes, Stack size 16 bytes, stm32l4xx_hal_spi.o(i.SPI_DMATransmitCplt))
<BR><BR>[Stack]<UL><LI>Max Depth = 80<LI>Call Chain = SPI_DMATransmitCplt &rArr; SPI_EndRxTxTransaction &rArr; SPI_WaitFifoStateUntilTimeout
</UL>
<BR>[Calls]<UL><LI><a href="#[169]">&gt;&gt;</a>&nbsp;&nbsp;&nbsp;HAL_GetTick
<LI><a href="#[2bb]">&gt;&gt;</a>&nbsp;&nbsp;&nbsp;HAL_SPI_TxCpltCallback
<LI><a href="#[24d]">&gt;&gt;</a>&nbsp;&nbsp;&nbsp;SPI_EndRxTxTransaction
<LI><a href="#[2b6]">&gt;&gt;</a>&nbsp;&nbsp;&nbsp;HAL_SPI_ErrorCallback
</UL>
<BR>[Address Reference Count : 1]<UL><LI> stm32l4xx_hal_spi.o(i.HAL_SPI_Transmit_DMA)
</UL>
<P><STRONG><a name="[7b]"></a>SPI_DMATransmitReceiveCplt</STRONG> (Thumb, 210 bytes, Stack size 32 bytes, stm32l4xx_hal_spi.o(i.SPI_DMATransmitReceiveCplt))
<BR><BR>[Stack]<UL><LI>Max Depth = 96<LI>Call Chain = SPI_DMATransmitReceiveCplt &rArr; SPI_EndRxTxTransaction &rArr; SPI_WaitFifoStateUntilTimeout
</UL>
<BR>[Calls]<UL><LI><a href="#[169]">&gt;&gt;</a>&nbsp;&nbsp;&nbsp;HAL_GetTick
<LI><a href="#[2bc]">&gt;&gt;</a>&nbsp;&nbsp;&nbsp;SPI_WaitFifoStateUntilTimeout
<LI><a href="#[24d]">&gt;&gt;</a>&nbsp;&nbsp;&nbsp;SPI_EndRxTxTransaction
<LI><a href="#[2bd]">&gt;&gt;</a>&nbsp;&nbsp;&nbsp;HAL_SPI_TxRxCpltCallback
<LI><a href="#[2b6]">&gt;&gt;</a>&nbsp;&nbsp;&nbsp;HAL_SPI_ErrorCallback
</UL>
<BR>[Address Reference Count : 1]<UL><LI> stm32l4xx_hal_spi.o(i.HAL_SPI_TransmitReceive_DMA)
</UL>
<P><STRONG><a name="[24a]"></a>SPI_EndRxTransaction</STRONG> (Thumb, 126 bytes, Stack size 32 bytes, stm32l4xx_hal_spi.o(i.SPI_EndRxTransaction))
<BR><BR>[Stack]<UL><LI>Max Depth = 72<LI>Call Chain = SPI_EndRxTransaction &rArr; SPI_WaitFifoStateUntilTimeout
</UL>
<BR>[Calls]<UL><LI><a href="#[249]">&gt;&gt;</a>&nbsp;&nbsp;&nbsp;SPI_WaitFlagStateUntilTimeout
<LI><a href="#[2bc]">&gt;&gt;</a>&nbsp;&nbsp;&nbsp;SPI_WaitFifoStateUntilTimeout
</UL>
<BR>[Called By]<UL><LI><a href="#[247]">&gt;&gt;</a>&nbsp;&nbsp;&nbsp;HAL_SPI_Receive
<LI><a href="#[78]">&gt;&gt;</a>&nbsp;&nbsp;&nbsp;SPI_DMAReceiveCplt
</UL>

<P><STRONG><a name="[24d]"></a>SPI_EndRxTxTransaction</STRONG> (Thumb, 100 bytes, Stack size 24 bytes, stm32l4xx_hal_spi.o(i.SPI_EndRxTxTransaction))
<BR><BR>[Stack]<UL><LI>Max Depth = 64<LI>Call Chain = SPI_EndRxTxTransaction &rArr; SPI_WaitFifoStateUntilTimeout
</UL>
<BR>[Calls]<UL><LI><a href="#[249]">&gt;&gt;</a>&nbsp;&nbsp;&nbsp;SPI_WaitFlagStateUntilTimeout
<LI><a href="#[2bc]">&gt;&gt;</a>&nbsp;&nbsp;&nbsp;SPI_WaitFifoStateUntilTimeout
</UL>
<BR>[Called By]<UL><LI><a href="#[248]">&gt;&gt;</a>&nbsp;&nbsp;&nbsp;HAL_SPI_TransmitReceive
<LI><a href="#[24c]">&gt;&gt;</a>&nbsp;&nbsp;&nbsp;HAL_SPI_Transmit
<LI><a href="#[7b]">&gt;&gt;</a>&nbsp;&nbsp;&nbsp;SPI_DMATransmitReceiveCplt
<LI><a href="#[7d]">&gt;&gt;</a>&nbsp;&nbsp;&nbsp;SPI_DMATransmitCplt
</UL>

<P><STRONG><a name="[2bc]"></a>SPI_WaitFifoStateUntilTimeout</STRONG> (Thumb, 198 bytes, Stack size 40 bytes, stm32l4xx_hal_spi.o(i.SPI_WaitFifoStateUntilTimeout))
<BR><BR>[Stack]<UL><LI>Max Depth = 40<LI>Call Chain = SPI_WaitFifoStateUntilTimeout
</UL>
<BR>[Calls]<UL><LI><a href="#[169]">&gt;&gt;</a>&nbsp;&nbsp;&nbsp;HAL_GetTick
</UL>
<BR>[Called By]<UL><LI><a href="#[24d]">&gt;&gt;</a>&nbsp;&nbsp;&nbsp;SPI_EndRxTxTransaction
<LI><a href="#[24a]">&gt;&gt;</a>&nbsp;&nbsp;&nbsp;SPI_EndRxTransaction
<LI><a href="#[7b]">&gt;&gt;</a>&nbsp;&nbsp;&nbsp;SPI_DMATransmitReceiveCplt
</UL>

<P><STRONG><a name="[249]"></a>SPI_WaitFlagStateUntilTimeout</STRONG> (Thumb, 184 bytes, Stack size 32 bytes, stm32l4xx_hal_spi.o(i.SPI_WaitFlagStateUntilTimeout))
<BR><BR>[Stack]<UL><LI>Max Depth = 32<LI>Call Chain = SPI_WaitFlagStateUntilTimeout
</UL>
<BR>[Calls]<UL><LI><a href="#[169]">&gt;&gt;</a>&nbsp;&nbsp;&nbsp;HAL_GetTick
</UL>
<BR>[Called By]<UL><LI><a href="#[248]">&gt;&gt;</a>&nbsp;&nbsp;&nbsp;HAL_SPI_TransmitReceive
<LI><a href="#[247]">&gt;&gt;</a>&nbsp;&nbsp;&nbsp;HAL_SPI_Receive
<LI><a href="#[24d]">&gt;&gt;</a>&nbsp;&nbsp;&nbsp;SPI_EndRxTxTransaction
<LI><a href="#[24a]">&gt;&gt;</a>&nbsp;&nbsp;&nbsp;SPI_EndRxTransaction
<LI><a href="#[78]">&gt;&gt;</a>&nbsp;&nbsp;&nbsp;SPI_DMAReceiveCplt
</UL>

<P><STRONG><a name="[7e]"></a>UART_DMAAbortOnError</STRONG> (Thumb, 20 bytes, Stack size 8 bytes, stm32l4xx_hal_uart.o(i.UART_DMAAbortOnError))
<BR><BR>[Stack]<UL><LI>Max Depth = 8<LI>Call Chain = UART_DMAAbortOnError
</UL>
<BR>[Calls]<UL><LI><a href="#[260]">&gt;&gt;</a>&nbsp;&nbsp;&nbsp;HAL_UART_ErrorCallback
</UL>
<BR>[Address Reference Count : 1]<UL><LI> stm32l4xx_hal_uart.o(i.HAL_UART_IRQHandler)
</UL>
<P><STRONG><a name="[81]"></a>UART_DMAError</STRONG> (Thumb, 76 bytes, Stack size 16 bytes, stm32l4xx_hal_uart.o(i.UART_DMAError))
<BR><BR>[Stack]<UL><LI>Max Depth = 16<LI>Call Chain = UART_DMAError
</UL>
<BR>[Calls]<UL><LI><a href="#[2c2]">&gt;&gt;</a>&nbsp;&nbsp;&nbsp;UART_EndTxTransfer
<LI><a href="#[25e]">&gt;&gt;</a>&nbsp;&nbsp;&nbsp;UART_EndRxTransfer
<LI><a href="#[260]">&gt;&gt;</a>&nbsp;&nbsp;&nbsp;HAL_UART_ErrorCallback
</UL>
<BR>[Address Reference Count : 2]<UL><LI> stm32l4xx_hal_uart.o(i.HAL_UART_Transmit_DMA)
<LI> stm32l4xx_hal_uart.o(i.UART_Start_Receive_DMA)
</UL>
<P><STRONG><a name="[86]"></a>UART_DMAReceiveCplt</STRONG> (Thumb, 92 bytes, Stack size 8 bytes, stm32l4xx_hal_uart.o(i.UART_DMAReceiveCplt))
<BR><BR>[Stack]<UL><LI>Max Depth = 76<LI>Call Chain = UART_DMAReceiveCplt &rArr; HAL_UART_RxCpltCallback &rArr; HAL_UART_Receive_DMA &rArr; UART_Start_Receive_DMA &rArr; HAL_DMA_Start_IT &rArr; DMA_SetConfig
</UL>
<BR>[Calls]<UL><LI><a href="#[262]">&gt;&gt;</a>&nbsp;&nbsp;&nbsp;HAL_UARTEx_RxEventCallback
<LI><a href="#[271]">&gt;&gt;</a>&nbsp;&nbsp;&nbsp;HAL_UART_RxCpltCallback
</UL>
<BR>[Address Reference Count : 1]<UL><LI> stm32l4xx_hal_uart.o(i.UART_Start_Receive_DMA)
</UL>
<P><STRONG><a name="[87]"></a>UART_DMARxHalfCplt</STRONG> (Thumb, 28 bytes, Stack size 8 bytes, stm32l4xx_hal_uart.o(i.UART_DMARxHalfCplt))
<BR><BR>[Stack]<UL><LI>Max Depth = 8<LI>Call Chain = UART_DMARxHalfCplt
</UL>
<BR>[Calls]<UL><LI><a href="#[2c3]">&gt;&gt;</a>&nbsp;&nbsp;&nbsp;HAL_UART_RxHalfCpltCallback
<LI><a href="#[262]">&gt;&gt;</a>&nbsp;&nbsp;&nbsp;HAL_UARTEx_RxEventCallback
</UL>
<BR>[Address Reference Count : 1]<UL><LI> stm32l4xx_hal_uart.o(i.UART_Start_Receive_DMA)
</UL>
<P><STRONG><a name="[7f]"></a>UART_DMATransmitCplt</STRONG> (Thumb, 48 bytes, Stack size 8 bytes, stm32l4xx_hal_uart.o(i.UART_DMATransmitCplt))
<BR><BR>[Stack]<UL><LI>Max Depth = 76<LI>Call Chain = UART_DMATransmitCplt &rArr; HAL_UART_TxCpltCallback &rArr; HAL_UART_Transmit_DMA &rArr; HAL_DMA_Start_IT &rArr; DMA_SetConfig
</UL>
<BR>[Calls]<UL><LI><a href="#[274]">&gt;&gt;</a>&nbsp;&nbsp;&nbsp;HAL_UART_TxCpltCallback
</UL>
<BR>[Address Reference Count : 1]<UL><LI> stm32l4xx_hal_uart.o(i.HAL_UART_Transmit_DMA)
</UL>
<P><STRONG><a name="[80]"></a>UART_DMATxHalfCplt</STRONG> (Thumb, 10 bytes, Stack size 8 bytes, stm32l4xx_hal_uart.o(i.UART_DMATxHalfCplt))
<BR><BR>[Stack]<UL><LI>Max Depth = 8<LI>Call Chain = UART_DMATxHalfCplt
</UL>
<BR>[Calls]<UL><LI><a href="#[2c4]">&gt;&gt;</a>&nbsp;&nbsp;&nbsp;HAL_UART_TxHalfCpltCallback
</UL>
<BR>[Address Reference Count : 1]<UL><LI> stm32l4xx_hal_uart.o(i.HAL_UART_Transmit_DMA)
</UL>
<P><STRONG><a name="[25e]"></a>UART_EndRxTransfer</STRONG> (Thumb, 48 bytes, Stack size 0 bytes, stm32l4xx_hal_uart.o(i.UART_EndRxTransfer))
<BR><BR>[Called By]<UL><LI><a href="#[81]">&gt;&gt;</a>&nbsp;&nbsp;&nbsp;UART_DMAError
<LI><a href="#[25d]">&gt;&gt;</a>&nbsp;&nbsp;&nbsp;HAL_UART_IRQHandler
</UL>

<P><STRONG><a name="[264]"></a>UART_EndTransmit_IT</STRONG> (Thumb, 26 bytes, Stack size 8 bytes, stm32l4xx_hal_uart.o(i.UART_EndTransmit_IT))
<BR><BR>[Stack]<UL><LI>Max Depth = 76<LI>Call Chain = UART_EndTransmit_IT &rArr; HAL_UART_TxCpltCallback &rArr; HAL_UART_Transmit_DMA &rArr; HAL_DMA_Start_IT &rArr; DMA_SetConfig
</UL>
<BR>[Calls]<UL><LI><a href="#[274]">&gt;&gt;</a>&nbsp;&nbsp;&nbsp;HAL_UART_TxCpltCallback
</UL>
<BR>[Called By]<UL><LI><a href="#[25d]">&gt;&gt;</a>&nbsp;&nbsp;&nbsp;HAL_UART_IRQHandler
</UL>

<P><STRONG><a name="[2c2]"></a>UART_EndTxTransfer</STRONG> (Thumb, 16 bytes, Stack size 0 bytes, stm32l4xx_hal_uart.o(i.UART_EndTxTransfer))
<BR><BR>[Called By]<UL><LI><a href="#[81]">&gt;&gt;</a>&nbsp;&nbsp;&nbsp;UART_DMAError
</UL>

<P><STRONG><a name="[89]"></a>UART_RxISR_16BIT</STRONG> (Thumb, 122 bytes, Stack size 16 bytes, stm32l4xx_hal_uart.o(i.UART_RxISR_16BIT))
<BR><BR>[Stack]<UL><LI>Max Depth = 84<LI>Call Chain = UART_RxISR_16BIT &rArr; HAL_UART_RxCpltCallback &rArr; HAL_UART_Receive_DMA &rArr; UART_Start_Receive_DMA &rArr; HAL_DMA_Start_IT &rArr; DMA_SetConfig
</UL>
<BR>[Calls]<UL><LI><a href="#[262]">&gt;&gt;</a>&nbsp;&nbsp;&nbsp;HAL_UARTEx_RxEventCallback
<LI><a href="#[271]">&gt;&gt;</a>&nbsp;&nbsp;&nbsp;HAL_UART_RxCpltCallback
</UL>
<BR>[Address Reference Count : 1]<UL><LI> stm32l4xx_hal_uart.o(i.UART_Start_Receive_IT)
</UL>
<P><STRONG><a name="[88]"></a>UART_RxISR_8BIT</STRONG> (Thumb, 122 bytes, Stack size 16 bytes, stm32l4xx_hal_uart.o(i.UART_RxISR_8BIT))
<BR><BR>[Stack]<UL><LI>Max Depth = 84<LI>Call Chain = UART_RxISR_8BIT &rArr; HAL_UART_RxCpltCallback &rArr; HAL_UART_Receive_DMA &rArr; UART_Start_Receive_DMA &rArr; HAL_DMA_Start_IT &rArr; DMA_SetConfig
</UL>
<BR>[Calls]<UL><LI><a href="#[262]">&gt;&gt;</a>&nbsp;&nbsp;&nbsp;HAL_UARTEx_RxEventCallback
<LI><a href="#[271]">&gt;&gt;</a>&nbsp;&nbsp;&nbsp;HAL_UART_RxCpltCallback
</UL>
<BR>[Address Reference Count : 1]<UL><LI> stm32l4xx_hal_uart.o(i.UART_Start_Receive_IT)
</UL>
<P><STRONG><a name="[83]"></a>UART_TxISR_16BIT</STRONG> (Thumb, 64 bytes, Stack size 0 bytes, stm32l4xx_hal_uart.o(i.UART_TxISR_16BIT))
<BR>[Address Reference Count : 1]<UL><LI> stm32l4xx_hal_uart.o(i.HAL_UART_Transmit_IT)
</UL>
<P><STRONG><a name="[82]"></a>UART_TxISR_8BIT</STRONG> (Thumb, 60 bytes, Stack size 0 bytes, stm32l4xx_hal_uart.o(i.UART_TxISR_8BIT))
<BR>[Address Reference Count : 1]<UL><LI> stm32l4xx_hal_uart.o(i.HAL_UART_Transmit_IT)
</UL>
<P><STRONG><a name="[84]"></a>W5500SwTimerHandler</STRONG> (Thumb, 134 bytes, Stack size 16 bytes, smp_w5500_dma.o(i.W5500SwTimerHandler))
<BR><BR>[Stack]<UL><LI>Max Depth = 324<LI>Call Chain = W5500SwTimerHandler &rArr; W5500_Server_Step &rArr; smp_w5500_spiDMA_WriteMulti &rArr; smp_spi_master_send_recv &rArr; HAL_SPI_Receive_DMA &rArr; HAL_SPI_TransmitReceive_DMA &rArr; HAL_DMA_Start_IT &rArr; DMA_SetConfig
</UL>
<BR>[Calls]<UL><LI><a href="#[16d]">&gt;&gt;</a>&nbsp;&nbsp;&nbsp;HAL_GPIO_WritePin
<LI><a href="#[2c6]">&gt;&gt;</a>&nbsp;&nbsp;&nbsp;W5500_Server_Step
<LI><a href="#[2c5]">&gt;&gt;</a>&nbsp;&nbsp;&nbsp;W5500_Init_Step
</UL>
<BR>[Address Reference Count : 1]<UL><LI> smp_w5500_dma.o(i.Hal_W5500_Open)
</UL>
<P><STRONG><a name="[2ab]"></a>_DoInit</STRONG> (Thumb, 76 bytes, Stack size 8 bytes, segger_rtt.o(i._DoInit))
<BR><BR>[Stack]<UL><LI>Max Depth = 8<LI>Call Chain = _DoInit
</UL>
<BR>[Calls]<UL><LI><a href="#[2ce]">&gt;&gt;</a>&nbsp;&nbsp;&nbsp;strcpy
</UL>
<BR>[Called By]<UL><LI><a href="#[2aa]">&gt;&gt;</a>&nbsp;&nbsp;&nbsp;SEGGER_RTT_Init
<LI><a href="#[2ac]">&gt;&gt;</a>&nbsp;&nbsp;&nbsp;SEGGER_RTT_Write
</UL>

<P><STRONG><a name="[2ae]"></a>_GetAvailWriteSpace</STRONG> (Thumb, 24 bytes, Stack size 0 bytes, segger_rtt.o(i._GetAvailWriteSpace))
<BR><BR>[Called By]<UL><LI><a href="#[2ad]">&gt;&gt;</a>&nbsp;&nbsp;&nbsp;SEGGER_RTT_WriteNoLock
</UL>

<P><STRONG><a name="[2b0]"></a>_WriteBlocking</STRONG> (Thumb, 92 bytes, Stack size 32 bytes, segger_rtt.o(i._WriteBlocking))
<BR><BR>[Stack]<UL><LI>Max Depth = 32<LI>Call Chain = _WriteBlocking
</UL>
<BR>[Calls]<UL><LI><a href="#[21f]">&gt;&gt;</a>&nbsp;&nbsp;&nbsp;__aeabi_memcpy
</UL>
<BR>[Called By]<UL><LI><a href="#[2ad]">&gt;&gt;</a>&nbsp;&nbsp;&nbsp;SEGGER_RTT_WriteNoLock
</UL>

<P><STRONG><a name="[2af]"></a>_WriteNoCheck</STRONG> (Thumb, 68 bytes, Stack size 24 bytes, segger_rtt.o(i._WriteNoCheck))
<BR><BR>[Stack]<UL><LI>Max Depth = 24<LI>Call Chain = _WriteNoCheck
</UL>
<BR>[Calls]<UL><LI><a href="#[21f]">&gt;&gt;</a>&nbsp;&nbsp;&nbsp;__aeabi_memcpy
</UL>
<BR>[Called By]<UL><LI><a href="#[2ad]">&gt;&gt;</a>&nbsp;&nbsp;&nbsp;SEGGER_RTT_WriteNoLock
</UL>

<P><STRONG><a name="[2b4]"></a>_PrintInt</STRONG> (Thumb, 216 bytes, Stack size 48 bytes, segger_rtt_printf.o(i._PrintInt))
<BR><BR>[Stack]<UL><LI>Max Depth = 168<LI>Call Chain = _PrintInt &rArr; _PrintUnsigned &rArr; _StoreChar &rArr; SEGGER_RTT_Write &rArr; SEGGER_RTT_WriteNoLock &rArr; _WriteBlocking
</UL>
<BR>[Calls]<UL><LI><a href="#[2b3]">&gt;&gt;</a>&nbsp;&nbsp;&nbsp;_StoreChar
<LI><a href="#[2b5]">&gt;&gt;</a>&nbsp;&nbsp;&nbsp;_PrintUnsigned
</UL>
<BR>[Called By]<UL><LI><a href="#[2b2]">&gt;&gt;</a>&nbsp;&nbsp;&nbsp;SEGGER_RTT_vprintf
</UL>

<P><STRONG><a name="[2b5]"></a>_PrintUnsigned</STRONG> (Thumb, 210 bytes, Stack size 40 bytes, segger_rtt_printf.o(i._PrintUnsigned))
<BR><BR>[Stack]<UL><LI>Max Depth = 120<LI>Call Chain = _PrintUnsigned &rArr; _StoreChar &rArr; SEGGER_RTT_Write &rArr; SEGGER_RTT_WriteNoLock &rArr; _WriteBlocking
</UL>
<BR>[Calls]<UL><LI><a href="#[2b3]">&gt;&gt;</a>&nbsp;&nbsp;&nbsp;_StoreChar
</UL>
<BR>[Called By]<UL><LI><a href="#[2b2]">&gt;&gt;</a>&nbsp;&nbsp;&nbsp;SEGGER_RTT_vprintf
<LI><a href="#[2b4]">&gt;&gt;</a>&nbsp;&nbsp;&nbsp;_PrintInt
</UL>

<P><STRONG><a name="[2b3]"></a>_StoreChar</STRONG> (Thumb, 62 bytes, Stack size 8 bytes, segger_rtt_printf.o(i._StoreChar))
<BR><BR>[Stack]<UL><LI>Max Depth = 80<LI>Call Chain = _StoreChar &rArr; SEGGER_RTT_Write &rArr; SEGGER_RTT_WriteNoLock &rArr; _WriteBlocking
</UL>
<BR>[Calls]<UL><LI><a href="#[2ac]">&gt;&gt;</a>&nbsp;&nbsp;&nbsp;SEGGER_RTT_Write
</UL>
<BR>[Called By]<UL><LI><a href="#[2b2]">&gt;&gt;</a>&nbsp;&nbsp;&nbsp;SEGGER_RTT_vprintf
<LI><a href="#[2b5]">&gt;&gt;</a>&nbsp;&nbsp;&nbsp;_PrintUnsigned
<LI><a href="#[2b4]">&gt;&gt;</a>&nbsp;&nbsp;&nbsp;_PrintInt
</UL>

<P><STRONG><a name="[2dd]"></a>_fp_digits</STRONG> (Thumb, 366 bytes, Stack size 64 bytes, printfa.o(i._fp_digits), UNUSED)
<BR><BR>[Calls]<UL><LI><a href="#[153]">&gt;&gt;</a>&nbsp;&nbsp;&nbsp;__aeabi_dadd
<LI><a href="#[296]">&gt;&gt;</a>&nbsp;&nbsp;&nbsp;__aeabi_cdrcmple
<LI><a href="#[159]">&gt;&gt;</a>&nbsp;&nbsp;&nbsp;__aeabi_dmul
<LI><a href="#[15a]">&gt;&gt;</a>&nbsp;&nbsp;&nbsp;__aeabi_ddiv
<LI><a href="#[161]">&gt;&gt;</a>&nbsp;&nbsp;&nbsp;__aeabi_d2ulz
<LI><a href="#[14c]">&gt;&gt;</a>&nbsp;&nbsp;&nbsp;__aeabi_uldivmod
</UL>
<BR>[Called By]<UL><LI><a href="#[2d2]">&gt;&gt;</a>&nbsp;&nbsp;&nbsp;_printf_core
</UL>

<P><STRONG><a name="[2d2]"></a>_printf_core</STRONG> (Thumb, 1704 bytes, Stack size 136 bytes, printfa.o(i._printf_core), UNUSED)
<BR><BR>[Calls]<UL><LI><a href="#[2e0]">&gt;&gt;</a>&nbsp;&nbsp;&nbsp;__aeabi_uidivmod
<LI><a href="#[2de]">&gt;&gt;</a>&nbsp;&nbsp;&nbsp;_printf_pre_padding
<LI><a href="#[2df]">&gt;&gt;</a>&nbsp;&nbsp;&nbsp;_printf_post_padding
<LI><a href="#[2dd]">&gt;&gt;</a>&nbsp;&nbsp;&nbsp;_fp_digits
<LI><a href="#[14c]">&gt;&gt;</a>&nbsp;&nbsp;&nbsp;__aeabi_uldivmod
</UL>
<BR>[Called By]<UL><LI><a href="#[2d3]">&gt;&gt;</a>&nbsp;&nbsp;&nbsp;__0sprintf
<LI><a href="#[2d1]">&gt;&gt;</a>&nbsp;&nbsp;&nbsp;__0printf
</UL>

<P><STRONG><a name="[2df]"></a>_printf_post_padding</STRONG> (Thumb, 36 bytes, Stack size 24 bytes, printfa.o(i._printf_post_padding), UNUSED)
<BR><BR>[Called By]<UL><LI><a href="#[2d2]">&gt;&gt;</a>&nbsp;&nbsp;&nbsp;_printf_core
</UL>

<P><STRONG><a name="[2de]"></a>_printf_pre_padding</STRONG> (Thumb, 46 bytes, Stack size 24 bytes, printfa.o(i._printf_pre_padding), UNUSED)
<BR><BR>[Called By]<UL><LI><a href="#[2d2]">&gt;&gt;</a>&nbsp;&nbsp;&nbsp;_printf_core
</UL>

<P><STRONG><a name="[8b]"></a>_sputc</STRONG> (Thumb, 10 bytes, Stack size 0 bytes, printfa.o(i._sputc))
<BR><BR>[Called By]<UL><LI><a href="#[2d3]">&gt;&gt;</a>&nbsp;&nbsp;&nbsp;__0sprintf
</UL>
<BR>[Address Reference Count : 1]<UL><LI> printfa.o(i.__0sprintf)
</UL><P>
<H3>
Undefined Global Symbols
</H3><HR></body></html>
