<html>
<body>
<pre>
<h1>µVision Build Log</h1>
<h2>Tool Versions:</h2>
IDE-Version: £gVision V5.35.0.0
Copyright (C) 2021 ARM Ltd and ARM Germany GmbH. All rights reserved.
License Information: Chun-Chang 886912602578, SSSS, LIC=JL28G-V1QH5-GKABG-VUHPE-95MID-36TKY
 
Tool Versions:
Toolchain:       MDK-ARM Plus  Version: 5.35.0.2
Toolchain Path:  C:\Keil_v5\ARM\ARMCC\Bin
C Compiler:      Armcc.exe V5.06 update 7 (build 960)
Assembler:       Armasm.exe V5.06 update 7 (build 960)
Linker/Locator:  ArmLink.exe V5.06 update 7 (build 960)
Library Manager: ArmAr.exe V5.06 update 7 (build 960)
Hex Converter:   FromElf.exe V5.06 update 7 (build 960)
CPU DLL:         SARMCM3.DLL V5.35.0.2
Dialog DLL:      DCM.DLL V1.17.3.0
Target DLL:      Segger\JL2CM3.dll V2.99.40.0
Dialog DLL:      TCM.DLL V1.53.0.0
 
<h2>Project:</h2>
C:\Simplo\ESS\FW\STM32\Johnny\HVESS_Firmware_2022_01_06_33\Project\HVESS\MDK-ARM\HVESS.uvprojx
Project File Date:  01/06/2022

<h2>Output:</h2>
*** Using Compiler 'V5.06 update 7 (build 960)', folder: 'C:\Keil_v5\ARM\ARMCC\Bin'
Rebuild target 'HVESS_Normal'
assembling Version.s...
assembling startup_stm32l496xx.s...
compiling ApiProtectCocp.c...
compiling ApiProtectUvp.c...
compiling ApiProtectOvp.c...
compiling system_stm32l4xx.c...
compiling ApiProtectCotp.c...
compiling ApiProtectCutp.c...
compiling ApiProtectDocp.c...
compiling main.c...
compiling AppProjectTest.c...
compiling smp_it.c...
compiling stm32l4xx_hal_msp.c...
compiling ApiProtectDotp.c...
compiling smp_log_managment.c...
compiling ApiProtectDutp.c...
compiling AppButton.c...
compiling AppBalance.c...
compiling AppProtect.c...
compiling AppBms.c...
compiling AppProjectHvEss.c...
compiling AppGauge.c...
compiling AppSerialCanDavinci.c...
compiling AppSerialUartDavinci.c...
compiling AppSerialCanDavinciNotification.c...
compiling AppSerialCanDavinciCmd.c...
compiling AppSerialCanDavinciBaseCmd.c...
compiling ApiSignalFeedback.c...
compiling AppSerialCanDavinciCommon.c...
compiling AppSerialCanDavinciFirmwareUpgrade.c...
compiling ApiRelayControl.c...
compiling ApiScuTemp.c...
compiling AppSerialCanDavinciDebug.c...
compiling ApiRamData.c...
compiling ApiSystemFlag.c...
compiling AppSerialCanDavinciParameter.c...
compiling ApiFuFlashRom.c...
compiling ApiFu.c...
compiling ApiSysPar.c...
compiling HalAfe.c...
compiling ApiEventFlashRom.c...
compiling LibStateMachine.c...
compiling LibRegister.c...
compiling LibHwTimer.c...
compiling LibSwTimer.c...
compiling ApiModbusTCPIP.c...
compiling DavinciBsp_Rev2.c...
compiling ApiIRMonitoring.c...
compiling HalSpiSTM32L4xx.c...
compiling HalEEPromSTM32L4xx.c...
compiling HalRtcSTM32L4xx.c...
compiling HalTimerSTM32L4xx.c...
compiling LibData.c...
compiling LibCalibration.c...
compiling LibNtc.c...
compiling smp_fifo.c...
compiling HalAfeADS7946.c...
compiling HalBsp.c...
compiling HalRamSTM32L4xx.c...
compiling HalAfeBq796xx.c...
compiling smp_can_fifo.c...
compiling smp_fifo_flash.c...
compiling stm32l4xx_Davinci.c...
compiling stm32l4xx_nucleo_144.c...
compiling stm32l4xx_hal_pwr_ex.c...
compiling stm32l4xx_hal.c...
compiling stm32l4xx_hal_gpio.c...
compiling stm32l4xx_hal_pwr.c...
compiling stm32l4xx_hal_cortex.c...
compiling stm32l4xx_hal_rcc.c...
compiling stm32l4xx_hal_comp.c...
compiling stm32l4xx_hal_crc.c...
compiling stm32l4xx_hal_crc_ex.c...
compiling stm32l4xx_hal_rcc_ex.c...
compiling stm32l4xx_hal_can.c...
compiling stm32l4xx_hal_adc.c...
compiling stm32l4xx_hal_adc_ex.c...
compiling stm32l4xx_hal_cryp.c...
compiling stm32l4xx_hal_cryp_ex.c...
compiling stm32l4xx_hal_dac_ex.c...
compiling stm32l4xx_hal_dcmi.c...
compiling stm32l4xx_hal_dac.c...
compiling stm32l4xx_hal_dfsdm.c...
compiling stm32l4xx_hal_dfsdm_ex.c...
compiling stm32l4xx_hal_dma_ex.c...
compiling stm32l4xx_hal_dma2d.c...
compiling stm32l4xx_hal_dma.c...
compiling stm32l4xx_hal_dsi.c...
compiling stm32l4xx_hal_firewall.c...
compiling stm32l4xx_hal_exti.c...
compiling stm32l4xx_hal_flash.c...
compiling stm32l4xx_hal_flash_ex.c...
compiling stm32l4xx_hal_flash_ramfunc.c...
compiling stm32l4xx_hal_gfxmmu.c...
compiling stm32l4xx_hal_hash.c...
compiling stm32l4xx_hal_hash_ex.c...
compiling stm32l4xx_hal_hcd.c...
compiling stm32l4xx_hal_irda.c...
compiling stm32l4xx_hal_i2c_ex.c...
compiling stm32l4xx_hal_iwdg.c...
compiling stm32l4xx_hal_lcd.c...
compiling stm32l4xx_hal_ltdc.c...
compiling stm32l4xx_hal_lptim.c...
compiling stm32l4xx_hal_ltdc_ex.c...
compiling stm32l4xx_hal_mmc_ex.c...
compiling stm32l4xx_hal_mmc.c...
compiling stm32l4xx_hal_nand.c...
compiling stm32l4xx_hal_nor.c...
compiling stm32l4xx_hal_opamp.c...
compiling stm32l4xx_hal_opamp_ex.c...
compiling stm32l4xx_hal_ospi.c...
compiling stm32l4xx_hal_i2c.c...
compiling stm32l4xx_hal_pcd.c...
compiling stm32l4xx_hal_pcd_ex.c...
compiling stm32l4xx_hal_pka.c...
compiling stm32l4xx_hal_pssi.c...
compiling stm32l4xx_hal_qspi.c...
compiling stm32l4xx_hal_rng.c...
compiling stm32l4xx_hal_rng_ex.c...
compiling stm32l4xx_hal_sai_ex.c...
compiling stm32l4xx_hal_sai.c...
compiling stm32l4xx_hal_rtc.c...
compiling stm32l4xx_hal_sd.c...
compiling stm32l4xx_hal_rtc_ex.c...
compiling stm32l4xx_hal_smartcard_ex.c...
compiling stm32l4xx_hal_sd_ex.c...
compiling stm32l4xx_hal_smartcard.c...
compiling stm32l4xx_hal_smbus.c...
compiling stm32l4xx_hal_smbus_ex.c...
compiling stm32l4xx_ll_adc.c...
compiling stm32l4xx_ll_comp.c...
compiling stm32l4xx_ll_crc.c...
compiling stm32l4xx_ll_crs.c...
compiling stm32l4xx_hal_spi_ex.c...
compiling stm32l4xx_hal_sram.c...
compiling stm32l4xx_hal_swpmi.c...
compiling stm32l4xx_hal_tsc.c...
compiling stm32l4xx_hal_uart_ex.c...
compiling stm32l4xx_ll_dac.c...
compiling stm32l4xx_hal_usart.c...
compiling stm32l4xx_ll_dma2d.c...
compiling stm32l4xx_hal_usart_ex.c...
compiling stm32l4xx_hal_wwdg.c...
compiling stm32l4xx_ll_dma.c...
compiling stm32l4xx_ll_exti.c...
compiling stm32l4xx_hal_tim_ex.c...
compiling stm32l4xx_hal_spi.c...
compiling stm32l4xx_ll_gpio.c...
compiling stm32l4xx_hal_uart.c...
compiling stm32l4xx_ll_i2c.c...
compiling stm32l4xx_ll_lptim.c...
compiling stm32l4xx_ll_lpuart.c...
compiling stm32l4xx_ll_opamp.c...
compiling stm32l4xx_ll_pka.c...
compiling stm32l4xx_ll_pwr.c...
compiling stm32l4xx_ll_rng.c...
compiling stm32l4xx_ll_rcc.c...
compiling stm32l4xx_ll_rtc.c...
compiling stm32l4xx_hal_tim.c...
compiling stm32l4xx_ll_spi.c...
compiling stm32l4xx_ll_fmc.c...
compiling stm32l4xx_ll_swpmi.c...
compiling stm32l4xx_ll_tim.c...
compiling stm32l4xx_ll_usart.c...
compiling stm32l4xx_ll_sdmmc.c...
compiling SEGGER_RTT_printf.c...
compiling stm32l4xx_ll_usb.c...
compiling SEGGER_RTT.c...
compiling smp_gpio.c...
compiling stm32l4xx_ll_utils.c...
compiling smp_uart.c...
compiling smp_can.c...
compiling smp_adc.c...
compiling smp_ADS7946_Driver.c...
compiling smp_spi_DMA.c...
compiling smp_max7219.c...
compiling smp_MX25L_Driver.c...
compiling smp_w5500_DMA.c...
compiling smp_drv_bq796xx.c...
linking...
.\Obj\HVESS_Norman_Vxx.axf: Warning: L6989W: Could not apply patch sdcomp-29491-629360 to instruction VPOP     {d8-d15} at offset 0xf4, instruction is within an IT block and is not the last instruction for log.o(i.__hardfp_log).
.\Obj\HVESS_Norman_Vxx.axf: Warning: L6989W: Could not apply patch sdcomp-29491-629360 to instruction VPOP     {d8-d15} at offset 0xf0, instruction is within an IT block and is not the last instruction for log_x.o(i.____hardfp_log$lsc).
Program Size: Code=103356 RO-data=3060 RW-data=1444 ZI-data=139516  
Finished: 0 information, 2 warning and 0 error messages.
FromELF: creating hex file...
".\Obj\HVESS_Norman_Vxx.axf" - 0 Error(s), 2 Warning(s).

<h2>Software Packages used:</h2>

Package Vendor: ARM
                http://www.keil.com/pack/ARM.CMSIS.5.8.0.pack
                ARM.CMSIS.5.8.0
                CMSIS (Common Microcontroller Software Interface Standard)
   * Component: CORE Version: 5.5.0

Package Vendor: Keil
                http://www.keil.com/pack/Keil.STM32L4xx_DFP.2.6.0.pack
                Keil.STM32L4xx_DFP.2.6.0
                STMicroelectronics STM32L4 Series Device Support, Drivers and Examples

<h2>Collection of Component include folders:</h2>
  .\RTE\_HVESS_Normal
  C:\Users\88691\AppData\Local\Arm\Packs\ARM\CMSIS\5.8.0\CMSIS\Core\Include
  C:\Users\88691\AppData\Local\Arm\Packs\Keil\STM32L4xx_DFP\2.6.0\Drivers\CMSIS\Device\ST\STM32L4xx\Include

<h2>Collection of Component Files used:</h2>

   * Component: ARM::CMSIS:CORE:5.5.0
Build Time Elapsed:  00:00:08
</pre>
</body>
</html>
