


ARM Macro Assembler    Page 1 


    1 00000000         ;*******************************************************
                       ************************
    2 00000000         ;* File Name          : startup_stm32l496xx.s
    3 00000000         ;* Author             : MCD Application Team
    4 00000000         ;* Description        : STM32L496xx Ultra Low Power devi
                       ces vector table for MDK-ARM toolchain.
    5 00000000         ;*                      This module performs:
    6 00000000         ;*                      - Set the initial SP
    7 00000000         ;*                      - Set the initial PC == Reset_Ha
                       ndler
    8 00000000         ;*                      - Set the vector table entries w
                       ith the exceptions ISR address
    9 00000000         ;*                      - Branches to __main in the C li
                       brary (which eventually
   10 00000000         ;*                        calls main()).
   11 00000000         ;*                      After Reset the Cortex-M4 proces
                       sor is in Thread mode,
   12 00000000         ;*                      priority is Privileged, and the 
                       Stack is set to Main.
   13 00000000         ;* <<< Use Configuration Wizard in Context Menu >>>
   14 00000000         ;*******************************************************
                       ************************
   15 00000000         ;*
   16 00000000         ;* <h2><center>&copy; Copyright (c) 2017 STMicroelectron
                       ics.
   17 00000000         ;* All rights reserved.</center></h2>
   18 00000000         ;*
   19 00000000         ;* This software component is licensed by ST under Apach
                       e License, Version 2.0,
   20 00000000         ;* the "License"; You may not use this file except in co
                       mpliance with the
   21 00000000         ;* License. You may obtain a copy of the License at:
   22 00000000         ;*                        opensource.org/licenses/Apache
                       -2.0
   23 00000000         ;*
   24 00000000         ;*******************************************************
                       ************************
   25 00000000         ;
   26 00000000         
   27 00000000                 PRESERVE8
   28 00000000                 THUMB
   29 00000000         ;wwwwwwwwwwwwwwwwwwwwwwwwwwwwwwwwwwwwwwwwwwwwww
   30 00000000         
   31 00000000                 IF               :DEF:__USE_BOOTLOADER
   49                          ENDIF
   50 00000000         ;wwwwwwwwwwwwwwwwwwwwwwwwwwwwwwwwwwwwwwwwwwwwwww
   51 00000000         
   52 00000000         
   53 00000000         
   54 00000000                 END
Command Line: --debug --xref --diag_suppress=9931 --cpu=Cortex-M4.fp.sp --apcs=
interwork --depend=.\obj\version.d -o.\obj\version.o -I.\RTE\_HVESS_Normal -IC:
\Users\88691\AppData\Local\Arm\Packs\ARM\CMSIS\5.8.0\CMSIS\Core\Include -IC:\Us
ers\88691\AppData\Local\Arm\Packs\Keil\STM32L4xx_DFP\2.6.0\Drivers\CMSIS\Device
\ST\STM32L4xx\Include --predefine="__MICROLIB SETA 1" --predefine="__UVISION_VE
RSION SETA 535" --predefine="_RTE_ SETA 1" --predefine="STM32L496xx SETA 1" --p
redefine="_RTE_ SETA 1" --list=.\list\version.lst Version.s
336 symbols in table
